Archive member included to satisfy reference by file (symbol)

/opt/libdragon/bin/../lib/gcc/mips64-elf/13.1.0/../../../../mips64-elf/lib/libdragon.a(n64sys.o)
                              build/ngin64/tools/ngin64_SystemFunc.o (__bbplayer)
/opt/libdragon/bin/../lib/gcc/mips64-elf/13.1.0/../../../../mips64-elf/lib/libdragon.a(entrypoint.o)
                              (_start)
/opt/libdragon/bin/../lib/gcc/mips64-elf/13.1.0/../../../../mips64-elf/lib/libdragon.a(debug.o)
                              build/ngin64/tools/ngin64_SystemFunc.o (debug_init_usblog)
/opt/libdragon/bin/../lib/gcc/mips64-elf/13.1.0/../../../../mips64-elf/lib/libdragon.a(usb.o)
                              /opt/libdragon/bin/../lib/gcc/mips64-elf/13.1.0/../../../../mips64-elf/lib/libdragon.a(debug.o) (usb_write)
/opt/libdragon/bin/../lib/gcc/mips64-elf/13.1.0/../../../../mips64-elf/lib/libdragon.a(cart.o)
                              /opt/libdragon/bin/../lib/gcc/mips64-elf/13.1.0/../../../../mips64-elf/lib/libdragon.a(debug.o) (cart_init)
/opt/libdragon/bin/../lib/gcc/mips64-elf/13.1.0/../../../../mips64-elf/lib/libdragon.a(ff.o)
                              /opt/libdragon/bin/../lib/gcc/mips64-elf/13.1.0/../../../../mips64-elf/lib/libdragon.a(debug.o) (f_mount)
/opt/libdragon/bin/../lib/gcc/mips64-elf/13.1.0/../../../../mips64-elf/lib/libdragon.a(ffunicode.o)
                              /opt/libdragon/bin/../lib/gcc/mips64-elf/13.1.0/../../../../mips64-elf/lib/libdragon.a(ff.o) (ff_uni2oem)
/opt/libdragon/bin/../lib/gcc/mips64-elf/13.1.0/../../../../mips64-elf/lib/libdragon.a(dragonfs.o)
                              build/ngin64/tools/ngin64_SystemFunc.o (dfs_init)
/opt/libdragon/bin/../lib/gcc/mips64-elf/13.1.0/../../../../mips64-elf/lib/libdragon.a(display.o)
                              build/ngin64/tools/ngin64_SystemFunc.o (display_init)
/opt/libdragon/bin/../lib/gcc/mips64-elf/13.1.0/../../../../mips64-elf/lib/libdragon.a(surface.o)
                              build/ngin64/renderer/ngin64_renderSettings.o (surface_alloc)
/opt/libdragon/bin/../lib/gcc/mips64-elf/13.1.0/../../../../mips64-elf/lib/libdragon.a(controller.o)
                              build/SandCity_Main.o (controller_init)
/opt/libdragon/bin/../lib/gcc/mips64-elf/13.1.0/../../../../mips64-elf/lib/libdragon.a(rsp.o)
                              /opt/libdragon/bin/../lib/gcc/mips64-elf/13.1.0/../../../../mips64-elf/lib/libdragon.a(display.o) (__rsp_crash)
/opt/libdragon/bin/../lib/gcc/mips64-elf/13.1.0/../../../../mips64-elf/lib/libdragon.a(rsp_crash.o)
                              /opt/libdragon/bin/../lib/gcc/mips64-elf/13.1.0/../../../../mips64-elf/lib/libdragon.a(rsp.o) (rsp_crash_data_start)
/opt/libdragon/bin/../lib/gcc/mips64-elf/13.1.0/../../../../mips64-elf/lib/libdragon.a(inspector.o)
                              /opt/libdragon/bin/../lib/gcc/mips64-elf/13.1.0/../../../../mips64-elf/lib/libdragon.a(debug.o) (__inspector_assertion)
/opt/libdragon/bin/../lib/gcc/mips64-elf/13.1.0/../../../../mips64-elf/lib/libdragon.a(sprite.o)
                              build/SandCity_Main.o (sprite_load)
/opt/libdragon/bin/../lib/gcc/mips64-elf/13.1.0/../../../../mips64-elf/lib/libdragon.a(dma.o)
                              /opt/libdragon/bin/../lib/gcc/mips64-elf/13.1.0/../../../../mips64-elf/lib/libdragon.a(debug.o) (io_accessible)
/opt/libdragon/bin/../lib/gcc/mips64-elf/13.1.0/../../../../mips64-elf/lib/libdragon.a(timer.o)
                              build/ngin64/tools/ngin64_SystemFunc.o (timer_init)
/opt/libdragon/bin/../lib/gcc/mips64-elf/13.1.0/../../../../mips64-elf/lib/libdragon.a(exception.o)
                              /opt/libdragon/bin/../lib/gcc/mips64-elf/13.1.0/../../../../mips64-elf/lib/libdragon.a(inspector.o) (__exception_dump_header)
/opt/libdragon/bin/../lib/gcc/mips64-elf/13.1.0/../../../../mips64-elf/lib/libdragon.a(do_ctors.o)
                              /opt/libdragon/bin/../lib/gcc/mips64-elf/13.1.0/../../../../mips64-elf/lib/libdragon.a(entrypoint.o) (__wrap___do_global_ctors)
/opt/libdragon/bin/../lib/gcc/mips64-elf/13.1.0/../../../../mips64-elf/lib/libdragon.a(rdpq.o)
                              build/ngin64/tools/ngin64_SystemFunc.o (rdpq_init)
/opt/libdragon/bin/../lib/gcc/mips64-elf/13.1.0/../../../../mips64-elf/lib/libdragon.a(rsp_rdpq.o)
                              /opt/libdragon/bin/../lib/gcc/mips64-elf/13.1.0/../../../../mips64-elf/lib/libdragon.a(rdpq.o) (rsp_rdpq_data_end)
/opt/libdragon/bin/../lib/gcc/mips64-elf/13.1.0/../../../../mips64-elf/lib/libdragon.a(rdpq_debug.o)
                              build/ngin64/tools/ngin64_SystemFunc.o (rdpq_debug_start)
/opt/libdragon/bin/../lib/gcc/mips64-elf/13.1.0/../../../../mips64-elf/lib/libdragon.a(rdpq_rect.o)
                              /opt/libdragon/bin/../lib/gcc/mips64-elf/13.1.0/../../../../mips64-elf/lib/libdragon.a(rdpq_debug.o) (__rdpq_texture_rectangle)
[...]
Memory Configuration

Name             Origin             Length             Attributes
mem              0x80000000         0x00400000
*default*        0x00000000         0xffffffff

Linker script and memory map

LOAD /opt/libdragon/bin/../lib/gcc/mips64-elf/13.1.0/crti.o
LOAD /opt/libdragon/bin/../lib/gcc/mips64-elf/13.1.0/crtbegin.o
LOAD build/ngin64/tools/ngin64_VectorFunc.o
LOAD build/ngin64/tools/ngin64_SystemFunc.o
LOAD build/ngin64/tools/ngin64_TransformFunc.o
LOAD build/ngin64/NGin64_UserConfig.o
LOAD build/ngin64/renderer/ngin64_renderSettings.o
LOAD build/ngin64/renderer/ngin64_objRenderer.o
LOAD build/ngin64/input/ngin64_ControllerInput.o
LOAD build/SandCity_Main.o
LOAD build/scenes/prefabs/castles/SC_Castles.o
LOAD build/scenes/prefabs/castles/SC_Castles_Controller.o
LOAD build/scenes/prefabs/objects/SC_Prefabs_Furniture.o
LOAD build/scenes/playfields/SC_Playfield_Small.o
LOAD build/scenes/playfields/SC_Playfield_Small_Controller.o
LOAD build/scenes/backgrounds/easybeach/SC_Backgrounds_SimpleBeach.o
LOAD build/scenes/SC_Scene_Beach.o
LOAD build/interface/models/SC_Playfield_UI.o
LOAD build/interface/SC_Interface.o
LOAD build/interface/SC_Playfield_Control.o
LOAD build/interface/SC_Menu_Control.o
LOAD /opt/libdragon/bin/../lib/gcc/mips64-elf/13.1.0/../../../../mips64-elf/lib/libdragon.a
LOAD /opt/libdragon/bin/../lib/gcc/mips64-elf/13.1.0/../../../../mips64-elf/lib/libm.a
LOAD /opt/libdragon/bin/../lib/gcc/mips64-elf/13.1.0/../../../../mips64-elf/lib/libdragonsys.a
                0x80000000                        __kseg0_start = 0x80000000
                0x80000400                        __libdragon_text_start = (__kseg0_start + 0x400)

.text           0x80000400    0x3e630
 *(.boot)
 .boot          0x80000400      0x18c /opt/libdragon/bin/../lib/gcc/mips64-elf/13.1.0/../../../../mips64-elf/lib/libdragon.a(entrypoint.o)
                0x80000400                _start
                0x80000590                        . = ALIGN (0x10)
 *fill*         0x8000058c        0x4 
                0x80000590                        __text_start = .
 *(.text)
 *fill*         0x80000590       0x10 
 .text          0x800005a0      0x360 /opt/libdragon/bin/../lib/gcc/mips64-elf/13.1.0/../../../../mips64-elf/lib/libdragon.a(inthandler.o)
                0x800005a0                inthandler
                0x80000900                inthandler_end
 .text          0x80000900      0x1c0 /opt/libdragon/bin/../lib/gcc/mips64-elf/13.1.0/../../../../mips64-elf/lib/libm.a(libm_a-s_floor.o)
                0x80000900                floor
 .text          0x80000ac0      0x160 /opt/libdragon/bin/../lib/gcc/mips64-elf/13.1.0/../../../../mips64-elf/lib/libm.a(libm_a-wf_pow.o)
                0x80000ac0                powf
 .text          0x80000c20       0xe8 /opt/libdragon/bin/../lib/gcc/mips64-elf/13.1.0/../../../../mips64-elf/lib/libm.a(libm_a-sf_cos.o)
                0x80000c20                cosf
 .text          0x80000d08      0x110 /opt/libdragon/bin/../lib/gcc/mips64-elf/13.1.0/../../../../mips64-elf/lib/libm.a(libm_a-sf_floor.o)
                0x80000d08                floorf
 .text          0x80000e18       0xe0 /opt/libdragon/bin/../lib/gcc/mips64-elf/13.1.0/../../../../mips64-elf/lib/libm.a(libm_a-sf_sin.o)
                0x80000e18                sinf
 .text          0x80000ef8       0x20 /opt/libdragon/bin/../lib/gcc/mips64-elf/13.1.0/../../../../mips64-elf/lib/libm.a(libm_a-sf_finite.o)
                0x80000ef8                finitef
 .text          0x80000f18      0x190 /opt/libdragon/bin/../lib/gcc/mips64-elf/13.1.0/../../../../mips64-elf/lib/libm.a(libm_a-kf_cos.o)
                0x80000f18                __kernel_cosf
 .text          0x800010a8       0xd0 /opt/libdragon/bin/../lib/gcc/mips64-elf/13.1.0/../../../../mips64-elf/lib/libm.a(libm_a-kf_sin.o)
                0x800010a8                __kernel_sinf
 .text          0x80001178      0x980 /opt/libdragon/bin/../lib/gcc/mips64-elf/13.1.0/../../../../mips64-elf/lib/libm.a(libm_a-ef_pow.o)
                0x80001178                __ieee754_powf
 .text          0x80001af8      0x358 /opt/libdragon/bin/../lib/gcc/mips64-elf/13.1.0/../../../../mips64-elf/lib/libm.a(libm_a-ef_rem_pio2.o)
                0x80001af8                __ieee754_rem_pio2f
 .text          0x80001e50      0x190 /opt/libdragon/bin/../lib/gcc/mips64-elf/13.1.0/../../../../mips64-elf/lib/libm.a(libm_a-ef_sqrt.o)
                0x80001e50                __ieee754_sqrtf
 .text          0x80001fe0       0x20 /opt/libdragon/bin/../lib/gcc/mips64-elf/13.1.0/../../../../mips64-elf/lib/libm.a(libm_a-sf_fabs.o)
                0x80001fe0                fabsf
 .text          0x80002000      0x188 /opt/libdragon/bin/../lib/gcc/mips64-elf/13.1.0/../../../../mips64-elf/lib/libm.a(libm_a-sf_scalbn.o)
                0x80002000                scalbnf
 .text          0x80002188       0xd0 /opt/libdragon/bin/../lib/gcc/mips64-elf/13.1.0/../../../../mips64-elf/lib/libm.a(libm_a-math_errf.o)
                0x800021f0                __math_uflowf
                0x800021f8                __math_oflowf
                0x80002200                __math_divzerof
                0x80002230                __math_invalidf
 .text          0x80002258      0x998 /opt/libdragon/bin/../lib/gcc/mips64-elf/13.1.0/../../../../mips64-elf/lib/libm.a(libm_a-kf_rem_pio2.o)
                0x80002258                __kernel_rem_pio2f
 .text          0x80002bf0       0x18 /opt/libdragon/bin/../lib/gcc/mips64-elf/13.1.0/../../../../mips64-elf/lib/libc.a(libc_a-abort.o)
                0x80002bf0                abort
 .text          0x80002c08       0x18 /opt/libdragon/bin/../lib/gcc/mips64-elf/13.1.0/../../../../mips64-elf/lib/libc.a(libc_a-calloc.o)
                0x80002c08                calloc
 .text          0x80002c20      0x120 /opt/libdragon/bin/../lib/gcc/mips64-elf/13.1.0/../../../../mips64-elf/lib/libc.a(libc_a-callocr.o)
                0x80002c20                _calloc_r
 .text          0x80002d40       0x20 /opt/libdragon/bin/../lib/gcc/mips64-elf/13.1.0/../../../../mips64-elf/lib/libc.a(libc_a-malloc.o)
                0x80002d40                malloc
                0x80002d50                free
 .text          0x80002d60      0x888 /opt/libdragon/bin/../lib/gcc/mips64-elf/13.1.0/../../../../mips64-elf/lib/libc.a(libc_a-mallocr.o)
                0x80002d60                _malloc_r
 .text          0x800035e8       0x10 /opt/libdragon/bin/../lib/gcc/mips64-elf/13.1.0/../../../../mips64-elf/lib/libc.a(libc_a-mlock.o)
                0x800035e8                __malloc_lock
                0x800035f0                __malloc_unlock
 .text          0x800035f8       0x18 /opt/libdragon/bin/../lib/gcc/mips64-elf/13.1.0/../../../../mips64-elf/lib/libc.a(libc_a-realloc.o)
                0x800035f8                realloc
 .text          0x80003610      0x5d0 /opt/libdragon/bin/../lib/gcc/mips64-elf/13.1.0/../../../../mips64-elf/lib/libc.a(libc_a-reallocr.o)
                0x80003610                _realloc_r
 .text          0x80003be0       0x18 /opt/libdragon/bin/../lib/gcc/mips64-elf/13.1.0/../../../../mips64-elf/lib/libc.a(libc_a-malign.o)
                0x80003be0                memalign
 .text          0x80003bf8      0x1f8 /opt/libdragon/bin/../lib/gcc/mips64-elf/13.1.0/../../../../mips64-elf/lib/libc.a(libc_a-malignr.o)
                0x80003bf8                _memalign_r
 .text          0x80003df0     0x21e8 /opt/libdragon/bin/../lib/gcc/mips64-elf/13.1.0/../../../../mips64-elf/lib/libc.a(libc_a-vfprintf.o)
                0x80003df0                _vfprintf_r
                0x80005ef0                vfprintf
 .text          0x80005fd8     0x1390 /opt/libdragon/bin/../lib/gcc/mips64-elf/13.1.0/../../../../mips64-elf/lib/libc.a(libc_a-vfiprintf.o)
                0x80006110                __sprint_r
                0x80006130                _vfiprintf_r
                0x80007280                vfiprintf
 .text          0x80007368      0x140 /opt/libdragon/bin/../lib/gcc/mips64-elf/13.1.0/../../../../mips64-elf/lib/libc.a(libc_a-fclose.o)
                0x80007368                _fclose_r
                0x80007498                fclose
 .text          0x800074a8      0x338 /opt/libdragon/bin/../lib/gcc/mips64-elf/13.1.0/../../../../mips64-elf/lib/libc.a(libc_a-fflush.o)
                0x800074a8                __sflush_r
                0x80007700                _fflush_r
                0x80007760                fflush
 .text          0x800077e0      0x3a8 /opt/libdragon/bin/../lib/gcc/mips64-elf/13.1.0/../../../../mips64-elf/lib/libc.a(libc_a-findfp.o)
                0x800079d8                __sfp
                0x80007b18                __sinit
                0x80007b48                __sfp_lock_acquire
                0x80007b50                __sfp_lock_release
                0x80007b58                __fp_lock_all
                0x80007b70                __fp_unlock_all
 .text          0x80007b88      0x138 /opt/libdragon/bin/../lib/gcc/mips64-elf/13.1.0/../../../../mips64-elf/lib/libc.a(libc_a-fopen.o)
                0x80007b88                _fopen_r
                0x80007ca8                fopen
 .text          0x80007cc0       0x68 /opt/libdragon/bin/../lib/gcc/mips64-elf/13.1.0/../../../../mips64-elf/lib/libc.a(libc_a-fprintf.o)
                0x80007cc0                _fprintf_r
                0x80007ce8                fprintf
 .text          0x80007d28       0xd0 /opt/libdragon/bin/../lib/gcc/mips64-elf/13.1.0/../../../../mips64-elf/lib/libc.a(libc_a-fputc.o)
                0x80007d28                _fputc_r
                0x80007d88                fputc
 .text          0x80007df8       0xc0 /opt/libdragon/bin/../lib/gcc/mips64-elf/13.1.0/../../../../mips64-elf/lib/libc.a(libc_a-fputs.o)
                0x80007df8                _fputs_r
                0x80007ea0                fputs
 .text          0x80007eb8      0x330 /opt/libdragon/bin/../lib/gcc/mips64-elf/13.1.0/../../../../mips64-elf/lib/libc.a(libc_a-fread.o)
                0x80007eb8                _fread_r
                0x800081b8                fread
 .text          0x800081e8       0x20 /opt/libdragon/bin/../lib/gcc/mips64-elf/13.1.0/../../../../mips64-elf/lib/libc.a(libc_a-fseek.o)
                0x800081e8                _fseek_r
                0x800081f0                fseek
 .text          0x80008208       0x18 /opt/libdragon/bin/../lib/gcc/mips64-elf/13.1.0/../../../../mips64-elf/lib/libc.a(libc_a-ftell.o)
                0x80008208                _ftell_r
                0x80008210                ftell
 .text          0x80008220      0x570 /opt/libdragon/bin/../lib/gcc/mips64-elf/13.1.0/../../../../mips64-elf/lib/libc.a(libc_a-fvwrite.o)
                0x80008220                __sfvwrite_r
 .text          0x80008790       0xc0 /opt/libdragon/bin/../lib/gcc/mips64-elf/13.1.0/../../../../mips64-elf/lib/libc.a(libc_a-fwalk.o)
                0x80008790                _fwalk_sglue
 .text          0x80008850      0x1f8 /opt/libdragon/bin/../lib/gcc/mips64-elf/13.1.0/../../../../mips64-elf/lib/libc.a(libc_a-fwrite.o)
                0x80008850                _fwrite_r
                0x80008958                fwrite
 .text          0x80008a48       0x70 /opt/libdragon/bin/../lib/gcc/mips64-elf/13.1.0/../../../../mips64-elf/lib/libc.a(libc_a-printf.o)
                0x80008a48                _printf_r
                0x80008a78                printf
 .text          0x80008ab8      0x160 /opt/libdragon/bin/../lib/gcc/mips64-elf/13.1.0/../../../../mips64-elf/lib/libc.a(libc_a-putc.o)
                0x80008ab8                _putc_r
                0x80008b60                putc
 .text          0x80008c18       0x20 /opt/libdragon/bin/../lib/gcc/mips64-elf/13.1.0/../../../../mips64-elf/lib/libc.a(libc_a-putchar.o)
                0x80008c18                _putchar_r
                0x80008c20                putchar
 .text          0x80008c38       0xe0 /opt/libdragon/bin/../lib/gcc/mips64-elf/13.1.0/../../../../mips64-elf/lib/libc.a(libc_a-puts.o)
                0x80008c38                _puts_r
                0x80008d08                puts
 .text          0x80008d18      0x228 /opt/libdragon/bin/../lib/gcc/mips64-elf/13.1.0/../../../../mips64-elf/lib/libc.a(libc_a-refill.o)
                0x80008d40                __srefill_r
 .text          0x80008f40      0x270 /opt/libdragon/bin/../lib/gcc/mips64-elf/13.1.0/../../../../mips64-elf/lib/libc.a(libc_a-setvbuf.o)
                0x80008f40                setvbuf
 .text          0x800091b0      0x1c8 /opt/libdragon/bin/../lib/gcc/mips64-elf/13.1.0/../../../../mips64-elf/lib/libc.a(libc_a-snprintf.o)
                0x800091b0                _snprintf_r
                0x80009290                snprintf
 .text          0x80009378       0xd8 /opt/libdragon/bin/../lib/gcc/mips64-elf/13.1.0/../../../../mips64-elf/lib/libc.a(libc_a-sprintf.o)
                0x80009378                _sprintf_r
                0x800093e0                sprintf
 .text          0x80009450      0x190 /opt/libdragon/bin/../lib/gcc/mips64-elf/13.1.0/../../../../mips64-elf/lib/libc.a(libc_a-stdio.o)
                0x80009450                __sread
                0x800094a8                __seofread
                0x800094b0                __swrite
                0x80009570                __sseek
                0x800095d8                __sclose
 .text          0x800095e0       0x30 /opt/libdragon/bin/../lib/gcc/mips64-elf/13.1.0/../../../../mips64-elf/lib/libc.a(libc_a-vprintf.o)
                0x800095e0                vprintf
                0x800095f8                _vprintf_r
 .text          0x80009610       0xb8 /opt/libdragon/bin/../lib/gcc/mips64-elf/13.1.0/../../../../mips64-elf/lib/libc.a(libc_a-vsprintf.o)
                0x80009610                vsprintf
                0x80009670                _vsprintf_r
 .text          0x800096c8      0x1b8 /opt/libdragon/bin/../lib/gcc/mips64-elf/13.1.0/../../../../mips64-elf/lib/libc.a(libc_a-wbuf.o)
                0x800096c8                __swbuf_r
                0x80009868                __swbuf
 .text          0x80009880      0x170 /opt/libdragon/bin/../lib/gcc/mips64-elf/13.1.0/../../../../mips64-elf/lib/libc.a(libc_a-wsetup.o)
                0x80009880                __swsetup_r
 .text          0x800099f0      0x4b8 /opt/libdragon/bin/../lib/gcc/mips64-elf/13.1.0/../../../../mips64-elf/lib/libc.a(libc_a-fseeko.o)
                0x800099f0                _fseeko_r
                0x80009e90                fseeko
 .text          0x80009ea8      0x148 /opt/libdragon/bin/../lib/gcc/mips64-elf/13.1.0/../../../../mips64-elf/lib/libc.a(libc_a-ftello.o)
                0x80009ea8                _ftello_r
                0x80009fe0                ftello
 .text          0x80009ff0      0x1b8 /opt/libdragon/bin/../lib/gcc/mips64-elf/13.1.0/../../../../mips64-elf/lib/libc.a(libc_a-fputwc.o)
                0x80009ff0                __fputwc
                0x8000a108                _fputwc_r
                0x8000a130                fputwc
 .text          0x8000a1a8       0xf8 /opt/libdragon/bin/../lib/gcc/mips64-elf/13.1.0/../../../../mips64-elf/lib/libc.a(libc_a-memchr.o)
                0x8000a1a8                memchr
 .text          0x8000a2a0       0x88 /opt/libdragon/bin/../lib/gcc/mips64-elf/13.1.0/../../../../mips64-elf/lib/libc.a(libc_a-memcmp.o)
                0x8000a2a0                memcmp
 .text          0x8000a328      0x140 /opt/libdragon/bin/../lib/gcc/mips64-elf/13.1.0/../../../../mips64-elf/lib/libc.a(libc_a-memmove.o)
                0x8000a328                memmove
 .text          0x8000a468       0x98 /opt/libdragon/bin/../lib/gcc/mips64-elf/13.1.0/../../../../mips64-elf/lib/libc.a(libc_a-strcat.o)
                0x8000a468                strcat
 .text          0x8000a500       0xa8 /opt/libdragon/bin/../lib/gcc/mips64-elf/13.1.0/../../../../mips64-elf/lib/libc.a(libc_a-strcpy.o)
                0x8000a500                strcpy
 .text          0x8000a5a8      0x460 /opt/libdragon/bin/../lib/gcc/mips64-elf/13.1.0/../../../../mips64-elf/lib/libc.a(libc_a-strerror.o)
                0x8000a5a8                _strerror_r
                0x8000a9d8                strerror
                0x8000a9f0                strerror_l
 .text          0x8000aa08       0xf0 /opt/libdragon/bin/../lib/gcc/mips64-elf/13.1.0/../../../../mips64-elf/lib/libc.a(libc_a-strncmp.o)
                0x8000aa08                strncmp
 .text          0x8000aaf8       0x70 /opt/libdragon/bin/../lib/gcc/mips64-elf/13.1.0/../../../../mips64-elf/lib/libc.a(libc_a-strrchr.o)
                0x8000aaf8                strrchr
 .text          0x8000ab68      0xb50 /opt/libdragon/bin/../lib/gcc/mips64-elf/13.1.0/../../../../mips64-elf/lib/libc.a(libc_a-strstr.o)
                0x8000b3c8                strstr
 .text          0x8000b6b8        0x8 /opt/libdragon/bin/../lib/gcc/mips64-elf/13.1.0/../../../../mips64-elf/lib/libc.a(libc_a-u_strerr.o)
                0x8000b6b8                _user_strerror
 .text          0x8000b6c0      0x570 /opt/libdragon/bin/../lib/gcc/mips64-elf/13.1.0/../../../../mips64-elf/lib/libc.a(libc_a-signal.o)
                0x8000b6c0                _init_signal_r
                0x8000b728                _signal_r
                0x8000b7c8                _raise_r
                0x8000b880                __sigtramp_r
                0x8000b970                raise
                0x8000ba38                signal
                0x8000bad8                _init_signal
                0x8000bb48                __sigtramp
 .text          0x8000bc30      0x120 /opt/libdragon/bin/../lib/gcc/mips64-elf/13.1.0/../../../../mips64-elf/lib/libc.a(libc_a-locale.o)
                0x8000bc30                _setlocale_r
                0x8000bcb8                __locale_mb_cur_max
                0x8000bcc8                setlocale
 .text          0x8000bd50       0x28 /opt/libdragon/bin/../lib/gcc/mips64-elf/13.1.0/../../../../mips64-elf/lib/libc.a(libc_a-localeconv.o)
                0x8000bd50                __localeconv_l
                0x8000bd58                _localeconv_r
                0x8000bd68                localeconv
 .text          0x8000bd78       0x50 /opt/libdragon/bin/../lib/gcc/mips64-elf/13.1.0/../../../../mips64-elf/lib/libc.a(libc_a-closer.o)
                0x8000bd78                _close_r
 .text          0x8000bdc8       0x58 /opt/libdragon/bin/../lib/gcc/mips64-elf/13.1.0/../../../../mips64-elf/lib/libc.a(libc_a-fstatr.o)
                0x8000bdc8                _fstat_r
 .text          0x8000be20       0x60 /opt/libdragon/bin/../lib/gcc/mips64-elf/13.1.0/../../../../mips64-elf/lib/libc.a(libc_a-lseekr.o)
                0x8000be20                _lseek_r
 .text          0x8000be80       0x60 /opt/libdragon/bin/../lib/gcc/mips64-elf/13.1.0/../../../../mips64-elf/lib/libc.a(libc_a-openr.o)
                0x8000be80                _open_r
 .text          0x8000bee0       0x60 /opt/libdragon/bin/../lib/gcc/mips64-elf/13.1.0/../../../../mips64-elf/lib/libc.a(libc_a-readr.o)
                0x8000bee0                _read_r
 .text          0x8000bf40       0x60 /opt/libdragon/bin/../lib/gcc/mips64-elf/13.1.0/../../../../mips64-elf/lib/libc.a(libc_a-signalr.o)
                0x8000bf40                _kill_r
                0x8000bf98                _getpid_r
 .text          0x8000bfa0       0x50 /opt/libdragon/bin/../lib/gcc/mips64-elf/13.1.0/../../../../mips64-elf/lib/libc.a(libc_a-sbrkr.o)
                0x8000bfa0                _sbrk_r
 .text          0x8000bff0       0x60 /opt/libdragon/bin/../lib/gcc/mips64-elf/13.1.0/../../../../mips64-elf/lib/libc.a(libc_a-writer.o)
                0x8000bff0                _write_r
 .text          0x8000c050        0x8 /opt/libdragon/bin/../lib/gcc/mips64-elf/13.1.0/../../../../mips64-elf/lib/libc.a(libc_a-errno.o)
                0x8000c050                __errno
 .text          0x8000c058       0x18 /opt/libdragon/bin/../lib/gcc/mips64-elf/13.1.0/../../../../mips64-elf/lib/libc.a(libc_a-strlen.o)
                0x8000c058                strlen
 .text          0x8000c070      0x240 /opt/libdragon/bin/../lib/gcc/mips64-elf/13.1.0/../../../../mips64-elf/lib/libc.a(libc_a-strcmp.o)
                0x8000c070                strcmp
 .text          0x8000c2b0      0x11c /opt/libdragon/bin/../lib/gcc/mips64-elf/13.1.0/../../../../mips64-elf/lib/libc.a(libc_a-memset.o)
                0x8000c2b0                memset
 .text          0x8000c3cc      0x370 /opt/libdragon/bin/../lib/gcc/mips64-elf/13.1.0/../../../../mips64-elf/lib/libc.a(libc_a-memcpy.o)
                0x8000c3cc                memcpy
 *fill*         0x8000c73c        0x4 
 .text          0x8000c740     0x1658 /opt/libdragon/bin/../lib/gcc/mips64-elf/13.1.0/../../../../mips64-elf/lib/libc.a(libc_a-dtoa.o)
                0x8000c990                _dtoa_r
 .text          0x8000dd98      0x480 /opt/libdragon/bin/../lib/gcc/mips64-elf/13.1.0/../../../../mips64-elf/lib/libc.a(libc_a-freer.o)
                0x8000dd98                _malloc_trim_r
                0x8000ded8                _free_r
 .text          0x8000e218       0x70 /opt/libdragon/bin/../lib/gcc/mips64-elf/13.1.0/../../../../mips64-elf/lib/libc.a(libc_a-mbtowc_r.o)
                0x8000e218                _mbtowc_r
                0x8000e228                __ascii_mbtowc
 .text          0x8000e288     0x1438 /opt/libdragon/bin/../lib/gcc/mips64-elf/13.1.0/../../../../mips64-elf/lib/libc.a(libc_a-mprec.o)
                0x8000e288                _Balloc
                0x8000e338                _Bfree
                0x8000e368                __multadd
                0x8000e4c8                __s2b
                0x8000e648                __hi0bits
                0x8000e6d0                __lo0bits
                0x8000e798                __i2b
                0x8000e870                __multiply
                0x8000eb00                __pow5mult
                0x8000ec68                __lshift
                0x8000ee20                __mcmp
                0x8000ee88                __mdiff
                0x8000f110                __ulp
                0x8000f1c0                __b2d
                0x8000f358                __d2b
                0x8000f4b8                __ratio
                0x8000f578                _mprec_log10
                0x8000f5b8                __copybits
                0x8000f640                __any_on
 .text          0x8000f6c0       0x48 /opt/libdragon/bin/../lib/gcc/mips64-elf/13.1.0/../../../../mips64-elf/lib/libc.a(libc_a-wctomb_r.o)
                0x8000f6c0                _wctomb_r
                0x8000f6d0                __ascii_wctomb
 .text          0x8000f708      0x118 /opt/libdragon/bin/../lib/gcc/mips64-elf/13.1.0/../../../../mips64-elf/lib/libc.a(libc_a-wcrtomb.o)
                0x8000f708                _wcrtomb_r
                0x8000f788                wcrtomb
 .text          0x8000f820     0x1fb0 /opt/libdragon/bin/../lib/gcc/mips64-elf/13.1.0/../../../../mips64-elf/lib/libc.a(libc_a-svfprintf.o)
                0x8000f820                _svfprintf_r
 .text          0x800117d0       0xc8 /opt/libdragon/bin/../lib/gcc/mips64-elf/13.1.0/../../../../mips64-elf/lib/libc.a(libc_a-flags.o)
                0x800117d0                __sflags
 .text          0x80011898      0x258 /opt/libdragon/bin/../lib/gcc/mips64-elf/13.1.0/../../../../mips64-elf/lib/libc.a(libc_a-makebuf.o)
                0x80011898                __smakebuf_r
                0x80011a40                __swhatbuf_r
 .text          0x80011af0      0x188 /opt/libdragon/bin/../lib/gcc/mips64-elf/13.1.0/../../../../mips64-elf/lib/libc.a(libc_a-strchr.o)
                0x80011af0                strchr
 .text          0x80011c78       0x48 /opt/libdragon/bin/../lib/gcc/mips64-elf/13.1.0/../../../../mips64-elf/lib/libc.a(libc_a-strnlen.o)
                0x80011c78                strnlen
 .text          0x80011cc0       0x50 /opt/libdragon/bin/../lib/gcc/mips64-elf/13.1.0/../../../../mips64-elf/lib/libc.a(libc_a-isattyr.o)
                0x80011cc0                _isatty_r
 .text          0x80011d10     0x1118 /opt/libdragon/bin/../lib/gcc/mips64-elf/13.1.0/../../../../mips64-elf/lib/libc.a(libc_a-svfiprintf.o)
                0x80011d10                __ssprint_r
                0x80011f58                _svfiprintf_r
 *(.text.*)
 *fill*         0x80012e28       0x18 
 .text.SetVector3
                0x80012e40       0x20 build/ngin64/tools/ngin64_VectorFunc.o
                0x80012e40                SetVector3
 .text.positionCompare
                0x80012e60       0xc0 build/ngin64/tools/ngin64_VectorFunc.o
                0x80012e60                positionCompare
 .text.vectorAdd_R
                0x80012f20       0x60 build/ngin64/tools/ngin64_VectorFunc.o
                0x80012f20                vectorAdd_R
 .text.lerp     0x80012f80       0x20 build/ngin64/tools/ngin64_SystemFunc.o
                0x80012f80                lerp
 .text.gin64_InitTimers
                0x80012fa0       0x20 build/ngin64/tools/ngin64_SystemFunc.o
                0x80012fa0                gin64_InitTimers
 .text.gin64_PlaybackTickUpdate
                0x80012fc0       0xc0 build/ngin64/tools/ngin64_SystemFunc.o
                0x80012fc0                gin64_PlaybackTickUpdate
 .text.gin64_GetPlaybackTick
                0x80013080       0xc0 build/ngin64/tools/ngin64_SystemFunc.o
                0x80013080                gin64_GetPlaybackTick
 .text.gin64_SetDeltaTime
                0x80013140       0xe0 build/ngin64/tools/ngin64_SystemFunc.o
                0x80013140                gin64_SetDeltaTime
 .text.gin64_GetDeltaTime
                0x80013220       0x20 build/ngin64/tools/ngin64_SystemFunc.o
                0x80013220                gin64_GetDeltaTime
 .text.g64_fps  0x80013240      0x100 build/ngin64/tools/ngin64_SystemFunc.o
                0x80013240                g64_fps
 .text.g64_GetFPS
                0x80013340       0x20 build/ngin64/tools/ngin64_SystemFunc.o
                0x80013340                g64_GetFPS
 .text.g64_InitDebug
                0x80013360       0x80 build/ngin64/tools/ngin64_SystemFunc.o
                0x80013360                g64_InitDebug
 .text.gin64_UpdateTriCounter
                0x800133e0       0x20 build/ngin64/tools/ngin64_SystemFunc.o
                0x800133e0                gin64_UpdateTriCounter
 .text.gin64_ResetTriCounter
                0x80013400       0x20 build/ngin64/tools/ngin64_SystemFunc.o
                0x80013400                gin64_ResetTriCounter
 .text.g64_UpdateDebug
                0x80013420       0xc0 build/ngin64/tools/ngin64_SystemFunc.o
                0x80013420                g64_UpdateDebug
 .text.RotateCameraAround
                0x800134e0       0xe0 build/ngin64/tools/ngin64_TransformFunc.o
                0x800134e0                RotateCameraAround
 .text.gin64_ProjSetup
                0x800135c0      0x120 build/ngin64/renderer/ngin64_renderSettings.o
                0x800135c0                gin64_ProjSetup
 .text.gin64_BeginFrame
                0x800136e0       0x80 build/ngin64/renderer/ngin64_renderSettings.o
                0x800136e0                gin64_BeginFrame
 .text.gin64_EndFrame
                0x80013760       0x20 build/ngin64/renderer/ngin64_renderSettings.o
                0x80013760                gin64_EndFrame
 .text.gin64_LightingUpdate
                0x80013780       0xa0 build/ngin64/renderer/ngin64_renderSettings.o
                0x80013780                gin64_LightingUpdate
 .text.gin64_CamInit
                0x80013820       0x40 build/ngin64/renderer/ngin64_renderSettings.o
                0x80013820                gin64_CamInit
 .text.gin64_CamView
                0x80013860       0x80 build/ngin64/renderer/ngin64_renderSettings.o
                0x80013860                gin64_CamView
 .text.ngin64_UpdateCameraPosition
                0x800138e0      0x360 build/ngin64/renderer/ngin64_renderSettings.o
                0x800138e0                ngin64_UpdateCameraPosition
 .text.gin64_RenderInstanceObj
                0x80013c40       0x80 build/ngin64/renderer/ngin64_objRenderer.o
                0x80013c40                gin64_RenderInstanceObj
 .text.gin64_Controller_Init
                0x80013cc0       0x20 build/ngin64/input/ngin64_ControllerInput.o
                0x80013cc0                gin64_Controller_Init
 .text.gin64_Controller_Update
                0x80013ce0      0x3c0 build/ngin64/input/ngin64_ControllerInput.o
                0x80013ce0                gin64_Controller_Update
 .text.setup    0x800140a0      0x2c0 build/SandCity_Main.o
                0x800140a0                setup
 .text.startup.main
                0x80014360      0x100 build/SandCity_Main.o
                0x80014360                main
 .text.SC_SimpleTower_DL
                0x80014460      0x100 build/scenes/prefabs/castles/SC_Castles.o
                0x80014460                SC_SimpleTower_DL
 .text.SC_TallTower_DL
                0x80014560       0xe0 build/scenes/prefabs/castles/SC_Castles.o
                0x80014560                SC_TallTower_DL
 .text.SC_Prefabs_Builder
                0x80014640       0xa0 build/scenes/prefabs/castles/SC_Castles_Controller.o
                0x80014640                SC_Prefabs_Builder
 .text.SC_Prefabs_Init
                0x800146e0       0x40 build/scenes/prefabs/castles/SC_Castles_Controller.o
                0x800146e0                SC_Prefabs_Init
 .text.SC_Prefabs_DrawCastles
                0x80014720       0xa0 build/scenes/prefabs/castles/SC_Castles_Controller.o
                0x80014720                SC_Prefabs_DrawCastles
 .text.get_BeachPlayfield_Size
                0x800147c0       0x20 build/scenes/playfields/SC_Playfield_Small.o
                0x800147c0                get_BeachPlayfield_Size
 .text.s_playfield_init
                0x800147e0       0xa0 build/scenes/playfields/SC_Playfield_Small_Controller.o
                0x800147e0                s_playfield_init
 .text.s_playfield_update
                0x80014880      0x1e0 build/scenes/playfields/SC_Playfield_Small_Controller.o
                0x80014880                s_playfield_update
 .text.s_playfield_check
                0x80014a60       0xc0 build/scenes/playfields/SC_Playfield_Small_Controller.o
                0x80014a60                s_playfield_check
 .text.draw_beach_playfield
                0x80014b20      0x120 build/scenes/playfields/SC_Playfield_Small_Controller.o
                0x80014b20                draw_beach_playfield
 .text.SCGet_Playfield_Tile_Position
                0x80014c40       0x80 build/scenes/playfields/SC_Playfield_Small_Controller.o
                0x80014c40                SCGet_Playfield_Tile_Position
 .text.SC_Set_PlayfieldTile
                0x80014cc0      0x200 build/scenes/playfields/SC_Playfield_Small_Controller.o
                0x80014cc0                SC_Set_PlayfieldTile
 .text.draw_beach
                0x80014ec0      0x140 build/scenes/backgrounds/easybeach/SC_Backgrounds_SimpleBeach.o
                0x80014ec0                draw_beach
 .text.draw_waves
                0x80015000      0x160 build/scenes/backgrounds/easybeach/SC_Backgrounds_SimpleBeach.o
                0x80015000                draw_waves
 .text.beach_scene_init
                0x80015160       0x20 build/scenes/SC_Scene_Beach.o
                0x80015160                beach_scene_init
 .text.render_beach_scene
                0x80015180       0xe0 build/scenes/SC_Scene_Beach.o
                0x80015180                render_beach_scene
 .text.SCGet_poly_SelectGroundUI_Beach_Size
                0x80015260       0x20 build/interface/models/SC_Playfield_UI.o
                0x80015260                SCGet_poly_SelectGroundUI_Beach_Size
 .text.SC_Interface_Init
                0x80015280       0x20 build/interface/SC_Interface.o
                0x80015280                SC_Interface_Init
 .text.SC_Interface_Update
                0x800152a0       0x20 build/interface/SC_Interface.o
                0x800152a0                SC_Interface_Update
 .text.SC_Interface_Draw
                0x800152c0       0x20 build/interface/SC_Interface.o
                0x800152c0                SC_Interface_Draw
 .text.SC_Playfield_Control_Init
                0x800152e0       0x40 build/interface/SC_Playfield_Control.o
                0x800152e0                SC_Playfield_Control_Init
 .text.SC_Playfield_Control_Update
                0x80015320      0x560 build/interface/SC_Playfield_Control.o
                0x80015320                SC_Playfield_Control_Update
 .text.SC_Playfield_Control_Draw
                0x80015880      0x2e0 build/interface/SC_Playfield_Control.o
                0x80015880                SC_Playfield_Control_Draw
 .text.sys_bbplayer
                0x80015b60       0x20 /opt/libdragon/bin/../lib/gcc/mips64-elf/13.1.0/../../../../mips64-elf/lib/libdragon.a(n64sys.o)
                0x80015b60                sys_bbplayer
 .text.data_cache_hit_writeback
                0x80015b80       0x60 /opt/libdragon/bin/../lib/gcc/mips64-elf/13.1.0/../../../../mips64-elf/lib/libdragon.a(n64sys.o)
                0x80015b80                data_cache_hit_writeback
 .text.__data_cache_hit_invalidate
                0x80015be0       0x60 /opt/libdragon/bin/../lib/gcc/mips64-elf/13.1.0/../../../../mips64-elf/lib/libdragon.a(n64sys.o)
                0x80015be0                __data_cache_hit_invalidate
 .text.data_cache_hit_writeback_invalidate
                0x80015c40       0x60 /opt/libdragon/bin/../lib/gcc/mips64-elf/13.1.0/../../../../mips64-elf/lib/libdragon.a(n64sys.o)
                0x80015c40                data_cache_hit_writeback_invalidate
 .text.inst_cache_hit_invalidate
                0x80015ca0       0x60 /opt/libdragon/bin/../lib/gcc/mips64-elf/13.1.0/../../../../mips64-elf/lib/libdragon.a(n64sys.o)
                0x80015ca0                inst_cache_hit_invalidate
 .text.malloc_uncached_aligned
                0x80015d00       0xc0 /opt/libdragon/bin/../lib/gcc/mips64-elf/13.1.0/../../../../mips64-elf/lib/libdragon.a(n64sys.o)
                0x80015d00                malloc_uncached_aligned
 .text.malloc_uncached
                0x80015dc0       0x20 /opt/libdragon/bin/../lib/gcc/mips64-elf/13.1.0/../../../../mips64-elf/lib/libdragon.a(n64sys.o)
                0x80015dc0                malloc_uncached
 .text.free_uncached
                0x80015de0       0x20 /opt/libdragon/bin/../lib/gcc/mips64-elf/13.1.0/../../../../mips64-elf/lib/libdragon.a(n64sys.o)
                0x80015de0                free_uncached
 .text.get_memory_size
                0x80015e00       0x60 /opt/libdragon/bin/../lib/gcc/mips64-elf/13.1.0/../../../../mips64-elf/lib/libdragon.a(n64sys.o)
                0x80015e00                get_memory_size
 .text.get_tv_type
                0x80015e60       0x20 /opt/libdragon/bin/../lib/gcc/mips64-elf/13.1.0/../../../../mips64-elf/lib/libdragon.a(n64sys.o)
                0x80015e60                get_tv_type
 .text.wait_ms  0x80015e80       0x40 /opt/libdragon/bin/../lib/gcc/mips64-elf/13.1.0/../../../../mips64-elf/lib/libdragon.a(n64sys.o)
                0x80015e80                wait_ms
 .text.startup.__init_cop1
                0x80015ec0       0x40 /opt/libdragon/bin/../lib/gcc/mips64-elf/13.1.0/../../../../mips64-elf/lib/libdragon.a(n64sys.o)
                0x80015ec0                __init_cop1
 .text.isviewer_write
                0x80015f00       0x80 /opt/libdragon/bin/../lib/gcc/mips64-elf/13.1.0/../../../../mips64-elf/lib/libdragon.a(debug.o)
 .text.__stderr_write
                0x80015f80       0x80 /opt/libdragon/bin/../lib/gcc/mips64-elf/13.1.0/../../../../mips64-elf/lib/libdragon.a(debug.o)
 .text.usblog_write
                0x80016000       0x20 /opt/libdragon/bin/../lib/gcc/mips64-elf/13.1.0/../../../../mips64-elf/lib/libdragon.a(debug.o)
 .text.cb.0     0x80016020       0xa0 /opt/libdragon/bin/../lib/gcc/mips64-elf/13.1.0/../../../../mips64-elf/lib/libdragon.a(debug.o)
 .text.debug_init_usblog
                0x800160c0       0xe0 /opt/libdragon/bin/../lib/gcc/mips64-elf/13.1.0/../../../../mips64-elf/lib/libdragon.a(debug.o)
                0x800160c0                debug_init_usblog
 .text.debug_init_isviewer
                0x800161a0       0xc0 /opt/libdragon/bin/../lib/gcc/mips64-elf/13.1.0/../../../../mips64-elf/lib/libdragon.a(debug.o)
                0x800161a0                debug_init_isviewer
 .text.debug_assert_func_f
                0x80016260       0xe0 /opt/libdragon/bin/../lib/gcc/mips64-elf/13.1.0/../../../../mips64-elf/lib/libdragon.a(debug.o)
                0x80016260                debug_assert_func_f
 .text.debug_assert_func
                0x80016340       0x20 /opt/libdragon/bin/../lib/gcc/mips64-elf/13.1.0/../../../../mips64-elf/lib/libdragon.a(debug.o)
                0x80016340                debug_assert_func
 .text.debug_hexdump
                0x80016360      0x280 /opt/libdragon/bin/../lib/gcc/mips64-elf/13.1.0/../../../../mips64-elf/lib/libdragon.a(debug.o)
                0x80016360                debug_hexdump
 .text.__debug_backtrace
                0x800165e0      0x100 /opt/libdragon/bin/../lib/gcc/mips64-elf/13.1.0/../../../../mips64-elf/lib/libdragon.a(debug.o)
                0x800165e0                __debug_backtrace
 .text.debug_backtrace
                0x800166e0       0x20 /opt/libdragon/bin/../lib/gcc/mips64-elf/13.1.0/../../../../mips64-elf/lib/libdragon.a(debug.o)
                0x800166e0                debug_backtrace
 .text.usb_64drive_read
                0x80016700       0x60 /opt/libdragon/bin/../lib/gcc/mips64-elf/13.1.0/../../../../mips64-elf/lib/libdragon.a(usb.o)
 .text.usb_64drive_poll
                0x80016760      0x1a0 /opt/libdragon/bin/../lib/gcc/mips64-elf/13.1.0/../../../../mips64-elf/lib/libdragon.a(usb.o)
 .text.usb_everdrive_usbbusy
                0x80016900       0xe0 /opt/libdragon/bin/../lib/gcc/mips64-elf/13.1.0/../../../../mips64-elf/lib/libdragon.a(usb.o)
 .text.usb_everdrive_readusb
                0x800169e0       0xc0 /opt/libdragon/bin/../lib/gcc/mips64-elf/13.1.0/../../../../mips64-elf/lib/libdragon.a(usb.o)
 .text.usb_everdrive_poll
                0x80016aa0      0x200 /opt/libdragon/bin/../lib/gcc/mips64-elf/13.1.0/../../../../mips64-elf/lib/libdragon.a(usb.o)
 .text.usb_everdrive_write
                0x80016ca0      0x1c0 /opt/libdragon/bin/../lib/gcc/mips64-elf/13.1.0/../../../../mips64-elf/lib/libdragon.a(usb.o)
 .text.usb_sc64_read
                0x80016e60       0x60 /opt/libdragon/bin/../lib/gcc/mips64-elf/13.1.0/../../../../mips64-elf/lib/libdragon.a(usb.o)
 .text.usb_everdrive_read
                0x80016ec0       0x60 /opt/libdragon/bin/../lib/gcc/mips64-elf/13.1.0/../../../../mips64-elf/lib/libdragon.a(usb.o)
 .text.usb_sc64_poll
                0x80016f20      0x160 /opt/libdragon/bin/../lib/gcc/mips64-elf/13.1.0/../../../../mips64-elf/lib/libdragon.a(usb.o)
 .text.usb_write
                0x80017080       0x40 /opt/libdragon/bin/../lib/gcc/mips64-elf/13.1.0/../../../../mips64-elf/lib/libdragon.a(usb.o)
                0x80017080                usb_write
 .text.usb_sendheartbeat
                0x800170c0       0x60 /opt/libdragon/bin/../lib/gcc/mips64-elf/13.1.0/../../../../mips64-elf/lib/libdragon.a(usb.o)
                0x800170c0                usb_sendheartbeat
 .text.usb_initialize
                0x80017120      0x1c0 /opt/libdragon/bin/../lib/gcc/mips64-elf/13.1.0/../../../../mips64-elf/lib/libdragon.a(usb.o)
                0x80017120                usb_initialize
 .text.usb_64drive_wait
                0x800172e0       0xc0 /opt/libdragon/bin/../lib/gcc/mips64-elf/13.1.0/../../../../mips64-elf/lib/libdragon.a(usb.o)
                0x800172e0                usb_64drive_wait
 .text.usb_64drive_write
                0x800173a0      0x240 /opt/libdragon/bin/../lib/gcc/mips64-elf/13.1.0/../../../../mips64-elf/lib/libdragon.a(usb.o)
 .text.usb_sc64_execute_cmd
                0x800175e0       0xc0 /opt/libdragon/bin/../lib/gcc/mips64-elf/13.1.0/../../../../mips64-elf/lib/libdragon.a(usb.o)
                0x800175e0                usb_sc64_execute_cmd
 .text.usb_sc64_write
                0x800176a0      0x2a0 /opt/libdragon/bin/../lib/gcc/mips64-elf/13.1.0/../../../../mips64-elf/lib/libdragon.a(usb.o)
 .text.get_next_token
                0x80017940       0xc0 /opt/libdragon/bin/../lib/gcc/mips64-elf/13.1.0/../../../../mips64-elf/lib/libdragon.a(dragonfs.o)
 .text.recurse_path
                0x80017a00      0x3c0 /opt/libdragon/bin/../lib/gcc/mips64-elf/13.1.0/../../../../mips64-elf/lib/libdragon.a(dragonfs.o)
 .text.__close  0x80017dc0       0x80 /opt/libdragon/bin/../lib/gcc/mips64-elf/13.1.0/../../../../mips64-elf/lib/libdragon.a(dragonfs.o)
 .text.__fstat  0x80017e40       0xa0 /opt/libdragon/bin/../lib/gcc/mips64-elf/13.1.0/../../../../mips64-elf/lib/libdragon.a(dragonfs.o)
 .text.dfs_dir_findfirst
                0x80017ee0       0xc0 /opt/libdragon/bin/../lib/gcc/mips64-elf/13.1.0/../../../../mips64-elf/lib/libdragon.a(dragonfs.o)
                0x80017ee0                dfs_dir_findfirst
 .text.__findfirst
                0x80017fa0       0x80 /opt/libdragon/bin/../lib/gcc/mips64-elf/13.1.0/../../../../mips64-elf/lib/libdragon.a(dragonfs.o)
 .text.dfs_dir_findnext
                0x80018020       0xc0 /opt/libdragon/bin/../lib/gcc/mips64-elf/13.1.0/../../../../mips64-elf/lib/libdragon.a(dragonfs.o)
                0x80018020                dfs_dir_findnext
 .text.__findnext
                0x800180e0       0x80 /opt/libdragon/bin/../lib/gcc/mips64-elf/13.1.0/../../../../mips64-elf/lib/libdragon.a(dragonfs.o)
 .text.dfs_open
                0x80018160      0x120 /opt/libdragon/bin/../lib/gcc/mips64-elf/13.1.0/../../../../mips64-elf/lib/libdragon.a(dragonfs.o)
                0x80018160                dfs_open
 .text.__open   0x80018280      0x120 /opt/libdragon/bin/../lib/gcc/mips64-elf/13.1.0/../../../../mips64-elf/lib/libdragon.a(dragonfs.o)
 .text.dfs_seek
                0x800183a0      0x100 /opt/libdragon/bin/../lib/gcc/mips64-elf/13.1.0/../../../../mips64-elf/lib/libdragon.a(dragonfs.o)
                0x800183a0                dfs_seek
 .text.__lseek  0x800184a0       0x80 /opt/libdragon/bin/../lib/gcc/mips64-elf/13.1.0/../../../../mips64-elf/lib/libdragon.a(dragonfs.o)
 .text.dfs_read
                0x80018520      0x280 /opt/libdragon/bin/../lib/gcc/mips64-elf/13.1.0/../../../../mips64-elf/lib/libdragon.a(dragonfs.o)
                0x80018520                dfs_read
 .text.__read   0x800187a0       0x20 /opt/libdragon/bin/../lib/gcc/mips64-elf/13.1.0/../../../../mips64-elf/lib/libdragon.a(dragonfs.o)
 .text.dfs_rom_addr
                0x800187c0       0xa0 /opt/libdragon/bin/../lib/gcc/mips64-elf/13.1.0/../../../../mips64-elf/lib/libdragon.a(dragonfs.o)
                0x800187c0                dfs_rom_addr
 .text.dfs_init
                0x80018860      0x1e0 /opt/libdragon/bin/../lib/gcc/mips64-elf/13.1.0/../../../../mips64-elf/lib/libdragon.a(dragonfs.o)
                0x80018860                dfs_init
 .text.__display_callback
                0x80018a40       0xc0 /opt/libdragon/bin/../lib/gcc/mips64-elf/13.1.0/../../../../mips64-elf/lib/libdragon.a(display.o)
 .text.display_show.part.0
                0x80018b00      0x140 /opt/libdragon/bin/../lib/gcc/mips64-elf/13.1.0/../../../../mips64-elf/lib/libdragon.a(display.o)
 .text.display_init
                0x80018c40      0x600 /opt/libdragon/bin/../lib/gcc/mips64-elf/13.1.0/../../../../mips64-elf/lib/libdragon.a(display.o)
                0x80018c40                display_init
 .text.display_close
                0x80019240      0x100 /opt/libdragon/bin/../lib/gcc/mips64-elf/13.1.0/../../../../mips64-elf/lib/libdragon.a(display.o)
                0x80019240                display_close
 .text.display_try_get
                0x80019340       0xc0 /opt/libdragon/bin/../lib/gcc/mips64-elf/13.1.0/../../../../mips64-elf/lib/libdragon.a(display.o)
                0x80019340                display_try_get
 .text.display_get
                0x80019400      0x100 /opt/libdragon/bin/../lib/gcc/mips64-elf/13.1.0/../../../../mips64-elf/lib/libdragon.a(display.o)
                0x80019400                display_get
 .text.display_show
                0x80019500       0x20 /opt/libdragon/bin/../lib/gcc/mips64-elf/13.1.0/../../../../mips64-elf/lib/libdragon.a(display.o)
                0x80019500                display_show
 .text.display_show_force
                0x80019520       0x40 /opt/libdragon/bin/../lib/gcc/mips64-elf/13.1.0/../../../../mips64-elf/lib/libdragon.a(display.o)
                0x80019520                display_show_force
 .text.display_get_width
                0x80019560       0x20 /opt/libdragon/bin/../lib/gcc/mips64-elf/13.1.0/../../../../mips64-elf/lib/libdragon.a(display.o)
                0x80019560                display_get_width
 .text.display_get_height
                0x80019580       0x20 /opt/libdragon/bin/../lib/gcc/mips64-elf/13.1.0/../../../../mips64-elf/lib/libdragon.a(display.o)
                0x80019580                display_get_height
 .text.display_get_bitdepth
                0x800195a0       0x20 /opt/libdragon/bin/../lib/gcc/mips64-elf/13.1.0/../../../../mips64-elf/lib/libdragon.a(display.o)
                0x800195a0                display_get_bitdepth
 .text.tex_format_name
                0x800195c0       0x40 /opt/libdragon/bin/../lib/gcc/mips64-elf/13.1.0/../../../../mips64-elf/lib/libdragon.a(surface.o)
                0x800195c0                tex_format_name
 .text.surface_alloc
                0x80019600       0xe0 /opt/libdragon/bin/../lib/gcc/mips64-elf/13.1.0/../../../../mips64-elf/lib/libdragon.a(surface.o)
                0x80019600                surface_alloc
 .text.surface_free
                0x800196e0       0x80 /opt/libdragon/bin/../lib/gcc/mips64-elf/13.1.0/../../../../mips64-elf/lib/libdragon.a(surface.o)
                0x800196e0                surface_free
 .text.controller_interrupt_update
                0x80019760       0x80 /opt/libdragon/bin/../lib/gcc/mips64-elf/13.1.0/../../../../mips64-elf/lib/libdragon.a(controller.o)
 .text.controller_interrupt
                0x800197e0       0x40 /opt/libdragon/bin/../lib/gcc/mips64-elf/13.1.0/../../../../mips64-elf/lib/libdragon.a(controller.o)
 .text.controller_init
                0x80019820       0xa0 /opt/libdragon/bin/../lib/gcc/mips64-elf/13.1.0/../../../../mips64-elf/lib/libdragon.a(controller.o)
                0x80019820                controller_init
 .text.controller_read
                0x800198c0       0x20 /opt/libdragon/bin/../lib/gcc/mips64-elf/13.1.0/../../../../mips64-elf/lib/libdragon.a(controller.o)
                0x800198c0                controller_read
 .text.controller_scan
                0x800198e0      0x100 /opt/libdragon/bin/../lib/gcc/mips64-elf/13.1.0/../../../../mips64-elf/lib/libdragon.a(controller.o)
                0x800198e0                controller_scan
 .text.get_keys_down
                0x800199e0       0xa0 /opt/libdragon/bin/../lib/gcc/mips64-elf/13.1.0/../../../../mips64-elf/lib/libdragon.a(controller.o)
                0x800199e0                get_keys_down
 .text.get_keys_pressed
                0x80019a80       0x60 /opt/libdragon/bin/../lib/gcc/mips64-elf/13.1.0/../../../../mips64-elf/lib/libdragon.a(controller.o)
                0x80019a80                get_keys_pressed
 .text.rsp_load_code
                0x80019ae0      0x100 /opt/libdragon/bin/../lib/gcc/mips64-elf/13.1.0/../../../../mips64-elf/lib/libdragon.a(rsp.o)
                0x80019ae0                rsp_load_code
 .text.rsp_load_data
                0x80019be0       0xe0 /opt/libdragon/bin/../lib/gcc/mips64-elf/13.1.0/../../../../mips64-elf/lib/libdragon.a(rsp.o)
                0x80019be0                rsp_load_data
 .text.rsp_load
                0x80019cc0       0x60 /opt/libdragon/bin/../lib/gcc/mips64-elf/13.1.0/../../../../mips64-elf/lib/libdragon.a(rsp.o)
                0x80019cc0                rsp_load
 .text.rsp_read_code
                0x80019d20       0xe0 /opt/libdragon/bin/../lib/gcc/mips64-elf/13.1.0/../../../../mips64-elf/lib/libdragon.a(rsp.o)
                0x80019d20                rsp_read_code
 .text.rsp_read_data
                0x80019e00       0xe0 /opt/libdragon/bin/../lib/gcc/mips64-elf/13.1.0/../../../../mips64-elf/lib/libdragon.a(rsp.o)
                0x80019e00                rsp_read_data
 .text.__rsp_run_async
                0x80019ee0       0x40 /opt/libdragon/bin/../lib/gcc/mips64-elf/13.1.0/../../../../mips64-elf/lib/libdragon.a(rsp.o)
                0x80019ee0                __rsp_run_async
 .text.__rsp_crash
                0x80019f20      0xbe0 /opt/libdragon/bin/../lib/gcc/mips64-elf/13.1.0/../../../../mips64-elf/lib/libdragon.a(rsp.o)
                0x80019f20                __rsp_crash
 .text.__rsp_check_assert
                0x8001ab00       0x80 /opt/libdragon/bin/../lib/gcc/mips64-elf/13.1.0/../../../../mips64-elf/lib/libdragon.a(rsp.o)
                0x8001ab00                __rsp_check_assert
 .text.rsp_wait
                0x8001ab80      0x100 /opt/libdragon/bin/../lib/gcc/mips64-elf/13.1.0/../../../../mips64-elf/lib/libdragon.a(rsp.o)
                0x8001ab80                rsp_wait
 .text.rsp_run  0x8001ac80       0x60 /opt/libdragon/bin/../lib/gcc/mips64-elf/13.1.0/../../../../mips64-elf/lib/libdragon.a(rsp.o)
                0x8001ac80                rsp_run
 .text.cb.2     0x8001ace0       0x60 /opt/libdragon/bin/../lib/gcc/mips64-elf/13.1.0/../../../../mips64-elf/lib/libdragon.a(inspector.o)
 .text.cb.1     0x8001ad40       0x60 /opt/libdragon/bin/../lib/gcc/mips64-elf/13.1.0/../../../../mips64-elf/lib/libdragon.a(inspector.o)
 .text.cb.0     0x8001ada0      0x120 /opt/libdragon/bin/../lib/gcc/mips64-elf/13.1.0/../../../../mips64-elf/lib/libdragon.a(inspector.o)
 .text.cb.3     0x8001aec0      0x120 /opt/libdragon/bin/../lib/gcc/mips64-elf/13.1.0/../../../../mips64-elf/lib/libdragon.a(inspector.o)
 .text.inspector_stdout
                0x8001afe0      0x240 /opt/libdragon/bin/../lib/gcc/mips64-elf/13.1.0/../../../../mips64-elf/lib/libdragon.a(inspector.o)
 .text.title    0x8001b220       0xa0 /opt/libdragon/bin/../lib/gcc/mips64-elf/13.1.0/../../../../mips64-elf/lib/libdragon.a(inspector.o)
 .text.mips_disasm
                0x8001b2c0      0x640 /opt/libdragon/bin/../lib/gcc/mips64-elf/13.1.0/../../../../mips64-elf/lib/libdragon.a(inspector.o)
 .text.inspector
                0x8001b900      0xc40 /opt/libdragon/bin/../lib/gcc/mips64-elf/13.1.0/../../../../mips64-elf/lib/libdragon.a(inspector.o)
 .text.handler.4
                0x8001c540       0x40 /opt/libdragon/bin/../lib/gcc/mips64-elf/13.1.0/../../../../mips64-elf/lib/libdragon.a(inspector.o)
 .text.__inspector_exception
                0x8001c580       0x20 /opt/libdragon/bin/../lib/gcc/mips64-elf/13.1.0/../../../../mips64-elf/lib/libdragon.a(inspector.o)
                0x8001c580                __inspector_exception
 .text.__inspector_assertion
                0x8001c5a0       0x20 /opt/libdragon/bin/../lib/gcc/mips64-elf/13.1.0/../../../../mips64-elf/lib/libdragon.a(inspector.o)
                0x8001c5a0                __inspector_assertion
 .text.startup.__inspector_init
                0x8001c5c0       0x20 /opt/libdragon/bin/../lib/gcc/mips64-elf/13.1.0/../../../../mips64-elf/lib/libdragon.a(inspector.o)
                0x8001c5c0                __inspector_init
 .text.sprite_load_buf.part.0
                0x8001c5e0       0x40 /opt/libdragon/bin/../lib/gcc/mips64-elf/13.1.0/../../../../mips64-elf/lib/libdragon.a(sprite.o)
 .text.__sprite_ext
                0x8001c620       0xa0 /opt/libdragon/bin/../lib/gcc/mips64-elf/13.1.0/../../../../mips64-elf/lib/libdragon.a(sprite.o)
                0x8001c620                __sprite_ext
 .text.sprite_load_buf
                0x8001c6c0       0xa0 /opt/libdragon/bin/../lib/gcc/mips64-elf/13.1.0/../../../../mips64-elf/lib/libdragon.a(sprite.o)
                0x8001c6c0                sprite_load_buf
 .text.sprite_load
                0x8001c760       0xa0 /opt/libdragon/bin/../lib/gcc/mips64-elf/13.1.0/../../../../mips64-elf/lib/libdragon.a(sprite.o)
                0x8001c760                sprite_load
 .text.sprite_get_pixels
                0x8001c800       0x60 /opt/libdragon/bin/../lib/gcc/mips64-elf/13.1.0/../../../../mips64-elf/lib/libdragon.a(sprite.o)
                0x8001c800                sprite_get_pixels
 .text.sprite_get_lod_pixels
                0x8001c860      0x160 /opt/libdragon/bin/../lib/gcc/mips64-elf/13.1.0/../../../../mips64-elf/lib/libdragon.a(sprite.o)
                0x8001c860                sprite_get_lod_pixels
 .text.sprite_get_detail_texparms
                0x8001c9c0       0xa0 /opt/libdragon/bin/../lib/gcc/mips64-elf/13.1.0/../../../../mips64-elf/lib/libdragon.a(sprite.o)
                0x8001c9c0                sprite_get_detail_texparms
 .text.sprite_get_detail_pixels
                0x8001ca60      0x160 /opt/libdragon/bin/../lib/gcc/mips64-elf/13.1.0/../../../../mips64-elf/lib/libdragon.a(sprite.o)
                0x8001ca60                sprite_get_detail_pixels
 .text.sprite_get_palette
                0x8001cbc0       0x60 /opt/libdragon/bin/../lib/gcc/mips64-elf/13.1.0/../../../../mips64-elf/lib/libdragon.a(sprite.o)
                0x8001cbc0                sprite_get_palette
 .text.sprite_get_texparms
                0x8001cc20       0xc0 /opt/libdragon/bin/../lib/gcc/mips64-elf/13.1.0/../../../../mips64-elf/lib/libdragon.a(sprite.o)
                0x8001cc20                sprite_get_texparms
 .text.sprite_get_lod_count
                0x8001cce0       0x60 /opt/libdragon/bin/../lib/gcc/mips64-elf/13.1.0/../../../../mips64-elf/lib/libdragon.a(sprite.o)
                0x8001cce0                sprite_get_lod_count
 .text.sprite_fits_tmem
                0x8001cd40       0x40 /opt/libdragon/bin/../lib/gcc/mips64-elf/13.1.0/../../../../mips64-elf/lib/libdragon.a(sprite.o)
                0x8001cd40                sprite_fits_tmem
 .text.dma_write_raw_async.part.0
                0x8001cd80       0x40 /opt/libdragon/bin/../lib/gcc/mips64-elf/13.1.0/../../../../mips64-elf/lib/libdragon.a(dma.o)
 .text.dma_read_raw_async
                0x8001cdc0       0xa0 /opt/libdragon/bin/../lib/gcc/mips64-elf/13.1.0/../../../../mips64-elf/lib/libdragon.a(dma.o)
                0x8001cdc0                dma_read_raw_async
 .text.dma_read_async
                0x8001ce60      0x3a0 /opt/libdragon/bin/../lib/gcc/mips64-elf/13.1.0/../../../../mips64-elf/lib/libdragon.a(dma.o)
                0x8001ce60                dma_read_async
 .text.dma_read
                0x8001d200       0x40 /opt/libdragon/bin/../lib/gcc/mips64-elf/13.1.0/../../../../mips64-elf/lib/libdragon.a(dma.o)
                0x8001d200                dma_read
 .text.dma_write
                0x8001d240       0xa0 /opt/libdragon/bin/../lib/gcc/mips64-elf/13.1.0/../../../../mips64-elf/lib/libdragon.a(dma.o)
                0x8001d240                dma_write
 .text.io_read  0x8001d2e0       0x60 /opt/libdragon/bin/../lib/gcc/mips64-elf/13.1.0/../../../../mips64-elf/lib/libdragon.a(dma.o)
                0x8001d2e0                io_read
 .text.io_write
                0x8001d340       0x60 /opt/libdragon/bin/../lib/gcc/mips64-elf/13.1.0/../../../../mips64-elf/lib/libdragon.a(dma.o)
                0x8001d340                io_write
 .text.timer_update_compare
                0x8001d3a0       0x40 /opt/libdragon/bin/../lib/gcc/mips64-elf/13.1.0/../../../../mips64-elf/lib/libdragon.a(timer.o)
 .text.timer_overflow_callback
                0x8001d3e0       0x20 /opt/libdragon/bin/../lib/gcc/mips64-elf/13.1.0/../../../../mips64-elf/lib/libdragon.a(timer.o)
 .text.timer_poll
                0x8001d400      0x1c0 /opt/libdragon/bin/../lib/gcc/mips64-elf/13.1.0/../../../../mips64-elf/lib/libdragon.a(timer.o)
 .text.timer_init
                0x8001d5c0       0xc0 /opt/libdragon/bin/../lib/gcc/mips64-elf/13.1.0/../../../../mips64-elf/lib/libdragon.a(timer.o)
                0x8001d5c0                timer_init
 .text.timer_ticks
                0x8001d680       0xc0 /opt/libdragon/bin/../lib/gcc/mips64-elf/13.1.0/../../../../mips64-elf/lib/libdragon.a(timer.o)
                0x8001d680                timer_ticks
 .text.cb.0     0x8001d740       0x40 /opt/libdragon/bin/../lib/gcc/mips64-elf/13.1.0/../../../../mips64-elf/lib/libdragon.a(exception.o)
 .text.cb.1     0x8001d780       0x80 /opt/libdragon/bin/../lib/gcc/mips64-elf/13.1.0/../../../../mips64-elf/lib/libdragon.a(exception.o)
 .text.__get_exception_name.isra.0
                0x8001d800      0x1a0 /opt/libdragon/bin/../lib/gcc/mips64-elf/13.1.0/../../../../mips64-elf/lib/libdragon.a(exception.o)
 .text.__exception_dump_header
                0x8001d9a0      0x260 /opt/libdragon/bin/../lib/gcc/mips64-elf/13.1.0/../../../../mips64-elf/lib/libdragon.a(exception.o)
                0x8001d9a0                __exception_dump_header
 .text.__exception_dump_gpr
                0x8001dc00      0x160 /opt/libdragon/bin/../lib/gcc/mips64-elf/13.1.0/../../../../mips64-elf/lib/libdragon.a(exception.o)
                0x8001dc00                __exception_dump_gpr
 .text.__exception_dump_fpr
                0x8001dd60      0x2a0 /opt/libdragon/bin/../lib/gcc/mips64-elf/13.1.0/../../../../mips64-elf/lib/libdragon.a(exception.o)
                0x8001dd60                __exception_dump_fpr
 .text.exception_default_handler
                0x8001e000      0x1a0 /opt/libdragon/bin/../lib/gcc/mips64-elf/13.1.0/../../../../mips64-elf/lib/libdragon.a(exception.o)
                0x8001e000                exception_default_handler
 .text.__onCriticalException
                0x8001e1a0       0x60 /opt/libdragon/bin/../lib/gcc/mips64-elf/13.1.0/../../../../mips64-elf/lib/libdragon.a(exception.o)
                0x8001e1a0                __onCriticalException
 .text.register_syscall_handler
                0x8001e200      0x1a0 /opt/libdragon/bin/../lib/gcc/mips64-elf/13.1.0/../../../../mips64-elf/lib/libdragon.a(exception.o)
                0x8001e200                register_syscall_handler
 .text.__onSyscallException
                0x8001e3a0      0x140 /opt/libdragon/bin/../lib/gcc/mips64-elf/13.1.0/../../../../mips64-elf/lib/libdragon.a(exception.o)
                0x8001e3a0                __onSyscallException
 .text.__register_frame_info
                0x8001e4e0       0x20 /opt/libdragon/bin/../lib/gcc/mips64-elf/13.1.0/../../../../mips64-elf/lib/libdragon.a(do_ctors.o)
                0x8001e4e0                __register_frame_info
 .text.__wrap___do_global_ctors
                0x8001e500       0xe0 /opt/libdragon/bin/../lib/gcc/mips64-elf/13.1.0/../../../../mips64-elf/lib/libdragon.a(do_ctors.o)
                0x8001e500                __wrap___do_global_ctors
 .text.rdpq_assert_handler
                0x8001e5e0       0xa0 /opt/libdragon/bin/../lib/gcc/mips64-elf/13.1.0/../../../../mips64-elf/lib/libdragon.a(rdpq.o)
 .text.__rdpq_interrupt
                0x8001e680       0xa0 /opt/libdragon/bin/../lib/gcc/mips64-elf/13.1.0/../../../../mips64-elf/lib/libdragon.a(rdpq.o)
 .text.rdpq_set_tile
                0x8001e720      0x260 /opt/libdragon/bin/../lib/gcc/mips64-elf/13.1.0/../../../../mips64-elf/lib/libdragon.a(rdpq.o)
                0x8001e720                rdpq_set_tile
 .text.rdpq_config_set
                0x8001e980       0x20 /opt/libdragon/bin/../lib/gcc/mips64-elf/13.1.0/../../../../mips64-elf/lib/libdragon.a(rdpq.o)
                0x8001e980                rdpq_config_set
 .text.rdpq_config_disable
                0x8001e9a0       0x20 /opt/libdragon/bin/../lib/gcc/mips64-elf/13.1.0/../../../../mips64-elf/lib/libdragon.a(rdpq.o)
                0x8001e9a0                rdpq_config_disable
 .text.__rdpq_block_begin
                0x8001e9c0       0x40 /opt/libdragon/bin/../lib/gcc/mips64-elf/13.1.0/../../../../mips64-elf/lib/libdragon.a(rdpq.o)
                0x8001e9c0                __rdpq_block_begin
 .text.__rdpq_block_next_buffer
                0x8001ea00      0x1c0 /opt/libdragon/bin/../lib/gcc/mips64-elf/13.1.0/../../../../mips64-elf/lib/libdragon.a(rdpq.o)
                0x8001ea00                __rdpq_block_next_buffer
 .text.rdpq_fence
                0x8001ebc0      0x120 /opt/libdragon/bin/../lib/gcc/mips64-elf/13.1.0/../../../../mips64-elf/lib/libdragon.a(rdpq.o)
                0x8001ebc0                rdpq_fence
 .text.__rdpq_block_end
                0x8001ece0       0x40 /opt/libdragon/bin/../lib/gcc/mips64-elf/13.1.0/../../../../mips64-elf/lib/libdragon.a(rdpq.o)
                0x8001ece0                __rdpq_block_end
 .text.__rdpq_block_run
                0x8001ed20       0x40 /opt/libdragon/bin/../lib/gcc/mips64-elf/13.1.0/../../../../mips64-elf/lib/libdragon.a(rdpq.o)
                0x8001ed20                __rdpq_block_run
 .text.__rdpq_block_free
                0x8001ed60       0x60 /opt/libdragon/bin/../lib/gcc/mips64-elf/13.1.0/../../../../mips64-elf/lib/libdragon.a(rdpq.o)
                0x8001ed60                __rdpq_block_free
 .text.__rdpq_block_reserve
                0x8001edc0      0x120 /opt/libdragon/bin/../lib/gcc/mips64-elf/13.1.0/../../../../mips64-elf/lib/libdragon.a(rdpq.o)
                0x8001edc0                __rdpq_block_reserve
 .text.__rdpq_block_update
                0x8001eee0      0x120 /opt/libdragon/bin/../lib/gcc/mips64-elf/13.1.0/../../../../mips64-elf/lib/libdragon.a(rdpq.o)
                0x8001eee0                __rdpq_block_update
 .text.__rdpq_write8
                0x8001f000       0xe0 /opt/libdragon/bin/../lib/gcc/mips64-elf/13.1.0/../../../../mips64-elf/lib/libdragon.a(rdpq.o)
                0x8001f000                __rdpq_write8
 .text.__rdpq_autosync_change
                0x8001f0e0      0x140 /opt/libdragon/bin/../lib/gcc/mips64-elf/13.1.0/../../../../mips64-elf/lib/libdragon.a(rdpq.o)
                0x8001f0e0                __rdpq_autosync_change
 .text.__rdpq_write8_syncchange
                0x8001f220       0x60 /opt/libdragon/bin/../lib/gcc/mips64-elf/13.1.0/../../../../mips64-elf/lib/libdragon.a(rdpq.o)
                0x8001f220                __rdpq_write8_syncchange
 .text.__rdpq_fixup_write8_syncchange
                0x8001f280      0x100 /opt/libdragon/bin/../lib/gcc/mips64-elf/13.1.0/../../../../mips64-elf/lib/libdragon.a(rdpq.o)
                0x8001f280                __rdpq_fixup_write8_syncchange
 .text.__rdpq_write8_syncchangeuse
                0x8001f380       0x80 /opt/libdragon/bin/../lib/gcc/mips64-elf/13.1.0/../../../../mips64-elf/lib/libdragon.a(rdpq.o)
                0x8001f380                __rdpq_write8_syncchangeuse
 .text.__rdpq_set_scissor
                0x8001f400       0xe0 /opt/libdragon/bin/../lib/gcc/mips64-elf/13.1.0/../../../../mips64-elf/lib/libdragon.a(rdpq.o)
                0x8001f400                __rdpq_set_scissor
 .text.__rdpq_set_fill_color
                0x8001f4e0       0xe0 /opt/libdragon/bin/../lib/gcc/mips64-elf/13.1.0/../../../../mips64-elf/lib/libdragon.a(rdpq.o)
                0x8001f4e0                __rdpq_set_fill_color
 .text.__rdpq_set_color_image
                0x8001f5c0      0x140 /opt/libdragon/bin/../lib/gcc/mips64-elf/13.1.0/../../../../mips64-elf/lib/libdragon.a(rdpq.o)
                0x8001f5c0                __rdpq_set_color_image
 .text.rdpq_set_color_image
                0x8001f700      0x180 /opt/libdragon/bin/../lib/gcc/mips64-elf/13.1.0/../../../../mips64-elf/lib/libdragon.a(rdpq.o)
                0x8001f700                rdpq_set_color_image
 .text.rdpq_set_z_image
                0x8001f880       0xc0 /opt/libdragon/bin/../lib/gcc/mips64-elf/13.1.0/../../../../mips64-elf/lib/libdragon.a(rdpq.o)
                0x8001f880                rdpq_set_z_image
 .text.rdpq_set_texture_image
                0x8001f940      0x140 /opt/libdragon/bin/../lib/gcc/mips64-elf/13.1.0/../../../../mips64-elf/lib/libdragon.a(rdpq.o)
                0x8001f940                rdpq_set_texture_image
 .text.__rdpq_set_other_modes
                0x8001fa80      0x100 /opt/libdragon/bin/../lib/gcc/mips64-elf/13.1.0/../../../../mips64-elf/lib/libdragon.a(rdpq.o)
                0x8001fa80                __rdpq_set_other_modes
 .text.rdpq_init
                0x8001fb80      0x180 /opt/libdragon/bin/../lib/gcc/mips64-elf/13.1.0/../../../../mips64-elf/lib/libdragon.a(rdpq.o)
                0x8001fb80                rdpq_init
 .text.rdpq_set_tile_autotmem
                0x8001fd00       0xa0 /opt/libdragon/bin/../lib/gcc/mips64-elf/13.1.0/../../../../mips64-elf/lib/libdragon.a(rdpq.o)
                0x8001fd00                rdpq_set_tile_autotmem
 .text.rdpq_sync_full
                0x8001fda0      0x100 /opt/libdragon/bin/../lib/gcc/mips64-elf/13.1.0/../../../../mips64-elf/lib/libdragon.a(rdpq.o)
                0x8001fda0                rdpq_sync_full
 .text.rdpq_call_deferred
                0x8001fea0       0x20 /opt/libdragon/bin/../lib/gcc/mips64-elf/13.1.0/../../../../mips64-elf/lib/libdragon.a(rdpq.o)
                0x8001fea0                rdpq_call_deferred
 .text.decode_som
                0x8001fec0      0x2a0 /opt/libdragon/bin/../lib/gcc/mips64-elf/13.1.0/../../../../mips64-elf/lib/libdragon.a(rdpq_debug.o)
 .text.mark_busy_tmem
                0x80020160      0x160 /opt/libdragon/bin/../lib/gcc/mips64-elf/13.1.0/../../../../mips64-elf/lib/libdragon.a(rdpq_debug.o)
 .text.__rdpq_debug_disasm
                0x800202c0     0x2440 /opt/libdragon/bin/../lib/gcc/mips64-elf/13.1.0/../../../../mips64-elf/lib/libdragon.a(rdpq_debug.o)
 .text.rdpq_debug_start
                0x80022700      0x100 /opt/libdragon/bin/../lib/gcc/mips64-elf/13.1.0/../../../../mips64-elf/lib/libdragon.a(rdpq_debug.o)
                0x80022700                rdpq_debug_start
 .text.rdpq_debug_disasm
                0x80022800      0x1a0 /opt/libdragon/bin/../lib/gcc/mips64-elf/13.1.0/../../../../mips64-elf/lib/libdragon.a(rdpq_debug.o)
                0x80022800                rdpq_debug_disasm
 .text.validate_emit_error
                0x800229a0      0x480 /opt/libdragon/bin/../lib/gcc/mips64-elf/13.1.0/../../../../mips64-elf/lib/libdragon.a(rdpq_debug.o)
 .text.lazy_validate_rendertarget
                0x80022e20      0x1a0 /opt/libdragon/bin/../lib/gcc/mips64-elf/13.1.0/../../../../mips64-elf/lib/libdragon.a(rdpq_debug.o)
 .text.lazy_validate_rendermode.part.0
                0x80022fc0      0x540 /opt/libdragon/bin/../lib/gcc/mips64-elf/13.1.0/../../../../mips64-elf/lib/libdragon.a(rdpq_debug.o)
 .text.validate_draw_cmd
                0x80023500      0x460 /opt/libdragon/bin/../lib/gcc/mips64-elf/13.1.0/../../../../mips64-elf/lib/libdragon.a(rdpq_debug.o)
 .text.validate_use_tile.constprop.0
                0x80023960      0x780 /opt/libdragon/bin/../lib/gcc/mips64-elf/13.1.0/../../../../mips64-elf/lib/libdragon.a(rdpq_debug.o)
 .text.rdpq_validate
                0x800240e0     0x1320 /opt/libdragon/bin/../lib/gcc/mips64-elf/13.1.0/../../../../mips64-elf/lib/libdragon.a(rdpq_debug.o)
                0x800240e0                rdpq_validate
 .text.__rdpq_trace_flush
                0x80025400      0x2c0 /opt/libdragon/bin/../lib/gcc/mips64-elf/13.1.0/../../../../mips64-elf/lib/libdragon.a(rdpq_debug.o)
                0x80025400                __rdpq_trace_flush
 .text.__rdpq_trace_fetch
                0x800256c0      0x220 /opt/libdragon/bin/../lib/gcc/mips64-elf/13.1.0/../../../../mips64-elf/lib/libdragon.a(rdpq_debug.o)
                0x800256c0                __rdpq_trace_fetch
 .text.__rdpq_trace
                0x800258e0       0x20 /opt/libdragon/bin/../lib/gcc/mips64-elf/13.1.0/../../../../mips64-elf/lib/libdragon.a(rdpq_debug.o)
                0x800258e0                __rdpq_trace
 .text.__rdpq_fill_rectangle
                0x80025900      0x120 /opt/libdragon/bin/../lib/gcc/mips64-elf/13.1.0/../../../../mips64-elf/lib/libdragon.a(rdpq_rect.o)
                0x80025900                __rdpq_fill_rectangle
 .text.__rdpq_fill_rectangle_offline
                0x80025a20       0x80 /opt/libdragon/bin/../lib/gcc/mips64-elf/13.1.0/../../../../mips64-elf/lib/libdragon.a(rdpq_rect.o)
                0x80025a20                __rdpq_fill_rectangle_offline
 .text.__rdpq_texture_rectangle
                0x80025aa0      0x1a0 /opt/libdragon/bin/../lib/gcc/mips64-elf/13.1.0/../../../../mips64-elf/lib/libdragon.a(rdpq_rect.o)
                0x80025aa0                __rdpq_texture_rectangle
 .text.__rdpq_texture_rectangle_scaled_offline
                0x80025c40      0x1e0 /opt/libdragon/bin/../lib/gcc/mips64-elf/13.1.0/../../../../mips64-elf/lib/libdragon.a(rdpq_rect.o)
                0x80025c40                __rdpq_texture_rectangle_scaled_offline
 .text.__rdpq_fixup_mode
                0x80025e20       0xc0 /opt/libdragon/bin/../lib/gcc/mips64-elf/13.1.0/../../../../mips64-elf/lib/libdragon.a(rdpq_mode.o)
                0x80025e20                __rdpq_fixup_mode
 .text.__rdpq_fixup_mode3
                0x80025ee0       0xe0 /opt/libdragon/bin/../lib/gcc/mips64-elf/13.1.0/../../../../mips64-elf/lib/libdragon.a(rdpq_mode.o)
                0x80025ee0                __rdpq_fixup_mode3
 .text.__rdpq_fixup_mode4
                0x80025fc0       0xe0 /opt/libdragon/bin/../lib/gcc/mips64-elf/13.1.0/../../../../mips64-elf/lib/libdragon.a(rdpq_mode.o)
                0x80025fc0                __rdpq_fixup_mode4
 .text.__rdpq_reset_render_mode
                0x800260a0       0xe0 /opt/libdragon/bin/../lib/gcc/mips64-elf/13.1.0/../../../../mips64-elf/lib/libdragon.a(rdpq_mode.o)
                0x800260a0                __rdpq_reset_render_mode
 .text.rdpq_mode_push
                0x80026180       0x40 /opt/libdragon/bin/../lib/gcc/mips64-elf/13.1.0/../../../../mips64-elf/lib/libdragon.a(rdpq_mode.o)
                0x80026180                rdpq_mode_push
 .text.rdpq_mode_pop
                0x800261c0       0x20 /opt/libdragon/bin/../lib/gcc/mips64-elf/13.1.0/../../../../mips64-elf/lib/libdragon.a(rdpq_mode.o)
                0x800261c0                rdpq_mode_pop
 .text.__rdpq_set_mode_fill
                0x800261e0       0x80 /opt/libdragon/bin/../lib/gcc/mips64-elf/13.1.0/../../../../mips64-elf/lib/libdragon.a(rdpq_mode.o)
                0x800261e0                __rdpq_set_mode_fill
 .text.rdpq_set_mode_standard
                0x80026260       0xc0 /opt/libdragon/bin/../lib/gcc/mips64-elf/13.1.0/../../../../mips64-elf/lib/libdragon.a(rdpq_mode.o)
                0x80026260                rdpq_set_mode_standard
 .text.rdpq_mode_begin
                0x80026320       0x40 /opt/libdragon/bin/../lib/gcc/mips64-elf/13.1.0/../../../../mips64-elf/lib/libdragon.a(rdpq_mode.o)
                0x80026320                rdpq_mode_begin
 .text.rdpq_mode_end
                0x80026360       0x40 /opt/libdragon/bin/../lib/gcc/mips64-elf/13.1.0/../../../../mips64-elf/lib/libdragon.a(rdpq_mode.o)
                0x80026360                rdpq_mode_end
 .text.rdpq_attach.part.0
                0x800263a0       0x40 /opt/libdragon/bin/../lib/gcc/mips64-elf/13.1.0/../../../../mips64-elf/lib/libdragon.a(rdpq_attach.o)
 .text.attach   0x800263e0      0x220 /opt/libdragon/bin/../lib/gcc/mips64-elf/13.1.0/../../../../mips64-elf/lib/libdragon.a(rdpq_attach.o)
 .text.rdpq_attach
                0x80026600       0x40 /opt/libdragon/bin/../lib/gcc/mips64-elf/13.1.0/../../../../mips64-elf/lib/libdragon.a(rdpq_attach.o)
                0x80026600                rdpq_attach
 .text.__rdpq_clear
                0x80026640       0xc0 /opt/libdragon/bin/../lib/gcc/mips64-elf/13.1.0/../../../../mips64-elf/lib/libdragon.a(rdpq_attach.o)
                0x80026640                __rdpq_clear
 .text.rdpq_detach_cb
                0x80026700       0xc0 /opt/libdragon/bin/../lib/gcc/mips64-elf/13.1.0/../../../../mips64-elf/lib/libdragon.a(rdpq_attach.o)
                0x80026700                rdpq_detach_cb
 .text.__rdpq_clear_z
                0x800267c0      0x180 /opt/libdragon/bin/../lib/gcc/mips64-elf/13.1.0/../../../../mips64-elf/lib/libdragon.a(rdpq_attach.o)
                0x800267c0                __rdpq_clear_z
 .text.rdpq_detach_show
                0x80026940       0x80 /opt/libdragon/bin/../lib/gcc/mips64-elf/13.1.0/../../../../mips64-elf/lib/libdragon.a(rdpq_attach.o)
                0x80026940                rdpq_detach_show
 .text.rdpq_get_attached
                0x800269c0       0x40 /opt/libdragon/bin/../lib/gcc/mips64-elf/13.1.0/../../../../mips64-elf/lib/libdragon.a(rdpq_attach.o)
                0x800269c0                rdpq_get_attached
 .text.rdpq_font_load_buf
                0x80026a00      0x220 /opt/libdragon/bin/../lib/gcc/mips64-elf/13.1.0/../../../../mips64-elf/lib/libdragon.a(rdpq_font.o)
                0x80026a00                rdpq_font_load_buf
 .text.rdpq_font_load
                0x80026c20       0x40 /opt/libdragon/bin/../lib/gcc/mips64-elf/13.1.0/../../../../mips64-elf/lib/libdragon.a(rdpq_font.o)
                0x80026c20                rdpq_font_load
 .text.rdpq_font_printn
                0x80026c60      0x520 /opt/libdragon/bin/../lib/gcc/mips64-elf/13.1.0/../../../../mips64-elf/lib/libdragon.a(rdpq_font.o)
                0x80026c60                rdpq_font_printn
 .text.rdpq_font_position
                0x80027180       0x20 /opt/libdragon/bin/../lib/gcc/mips64-elf/13.1.0/../../../../mips64-elf/lib/libdragon.a(rdpq_font.o)
                0x80027180                rdpq_font_position
 .text.rdpq_font_begin
                0x800271a0       0xe0 /opt/libdragon/bin/../lib/gcc/mips64-elf/13.1.0/../../../../mips64-elf/lib/libdragon.a(rdpq_font.o)
                0x800271a0                rdpq_font_begin
 .text.rdpq_font_end
                0x80027280       0x20 /opt/libdragon/bin/../lib/gcc/mips64-elf/13.1.0/../../../../mips64-elf/lib/libdragon.a(rdpq_font.o)
                0x80027280                rdpq_font_end
 .text.gl_context_begin
                0x800272a0      0x160 /opt/libdragon/bin/../lib/gcc/mips64-elf/13.1.0/../../../../mips64-elf/lib/libdragon.a(gl.o)
                0x800272a0                gl_context_begin
 .text.gl_context_end
                0x80027400       0xc0 /opt/libdragon/bin/../lib/gcc/mips64-elf/13.1.0/../../../../mips64-elf/lib/libdragon.a(gl.o)
                0x80027400                gl_context_end
 .text.gl_set_flag2
                0x800274c0      0x9a0 /opt/libdragon/bin/../lib/gcc/mips64-elf/13.1.0/../../../../mips64-elf/lib/libdragon.a(gl.o)
                0x800274c0                gl_set_flag2
 .text.glEnable
                0x80027e60       0x80 /opt/libdragon/bin/../lib/gcc/mips64-elf/13.1.0/../../../../mips64-elf/lib/libdragon.a(gl.o)
                0x80027e60                glEnable
 .text.glDisable
                0x80027ee0       0x80 /opt/libdragon/bin/../lib/gcc/mips64-elf/13.1.0/../../../../mips64-elf/lib/libdragon.a(gl.o)
                0x80027ee0                glDisable
 .text.gl_copy_fill_color
                0x80027f60       0xc0 /opt/libdragon/bin/../lib/gcc/mips64-elf/13.1.0/../../../../mips64-elf/lib/libdragon.a(gl.o)
                0x80027f60                gl_copy_fill_color
 .text.glClear  0x80028020      0x120 /opt/libdragon/bin/../lib/gcc/mips64-elf/13.1.0/../../../../mips64-elf/lib/libdragon.a(gl.o)
                0x80028020                glClear
 .text.glClearColor
                0x80028140      0x220 /opt/libdragon/bin/../lib/gcc/mips64-elf/13.1.0/../../../../mips64-elf/lib/libdragon.a(gl.o)
                0x80028140                glClearColor
 .text.glClearDepth
                0x80028360      0x120 /opt/libdragon/bin/../lib/gcc/mips64-elf/13.1.0/../../../../mips64-elf/lib/libdragon.a(gl.o)
                0x80028360                glClearDepth
 .text.gl_init  0x80028480      0x3e0 /opt/libdragon/bin/../lib/gcc/mips64-elf/13.1.0/../../../../mips64-elf/lib/libdragon.a(gl.o)
                0x80028480                gl_init
 .text.gl_lighting_init
                0x80028860      0x120 /opt/libdragon/bin/../lib/gcc/mips64-elf/13.1.0/../../../../mips64-elf/lib/libdragon.a(lighting.o)
                0x80028860                gl_lighting_init
 .text.gl_normalize
                0x80028980       0x60 /opt/libdragon/bin/../lib/gcc/mips64-elf/13.1.0/../../../../mips64-elf/lib/libdragon.a(lighting.o)
                0x80028980                gl_normalize
 .text.gl_homogeneous_unit_diff
                0x800289e0      0x180 /opt/libdragon/bin/../lib/gcc/mips64-elf/13.1.0/../../../../mips64-elf/lib/libdragon.a(lighting.o)
                0x800289e0                gl_homogeneous_unit_diff
 .text.gl_cross
                0x80028b60       0x80 /opt/libdragon/bin/../lib/gcc/mips64-elf/13.1.0/../../../../mips64-elf/lib/libdragon.a(lighting.o)
                0x80028b60                gl_cross
 .text.dot_product3
                0x80028be0       0x40 /opt/libdragon/bin/../lib/gcc/mips64-elf/13.1.0/../../../../mips64-elf/lib/libdragon.a(lighting.o)
                0x80028be0                dot_product3
 .text.gl_perform_lighting
                0x80028c20      0x540 /opt/libdragon/bin/../lib/gcc/mips64-elf/13.1.0/../../../../mips64-elf/lib/libdragon.a(lighting.o)
                0x80028c20                gl_perform_lighting
 .text.glColorMaterial
                0x80029160      0x1e0 /opt/libdragon/bin/../lib/gcc/mips64-elf/13.1.0/../../../../mips64-elf/lib/libdragon.a(lighting.o)
                0x80029160                glColorMaterial
 .text.glShadeModel
                0x80029340      0x120 /opt/libdragon/bin/../lib/gcc/mips64-elf/13.1.0/../../../../mips64-elf/lib/libdragon.a(lighting.o)
                0x80029340                glShadeModel
 .text.gl_matrix_load
                0x80029460      0x120 /opt/libdragon/bin/../lib/gcc/mips64-elf/13.1.0/../../../../mips64-elf/lib/libdragon.a(matrix.o)
 .text.gl_matrix_stack_get_matrix
                0x80029580       0x20 /opt/libdragon/bin/../lib/gcc/mips64-elf/13.1.0/../../../../mips64-elf/lib/libdragon.a(matrix.o)
                0x80029580                gl_matrix_stack_get_matrix
 .text.gl_matrix_mult
                0x800295a0      0x120 /opt/libdragon/bin/../lib/gcc/mips64-elf/13.1.0/../../../../mips64-elf/lib/libdragon.a(matrix.o)
                0x800295a0                gl_matrix_mult
 .text.gl_matrix_mult3x3
                0x800296c0       0xa0 /opt/libdragon/bin/../lib/gcc/mips64-elf/13.1.0/../../../../mips64-elf/lib/libdragon.a(matrix.o)
                0x800296c0                gl_matrix_mult3x3
 .text.gl_update_matrix_targets
                0x80029760      0x140 /opt/libdragon/bin/../lib/gcc/mips64-elf/13.1.0/../../../../mips64-elf/lib/libdragon.a(matrix.o)
                0x80029760                gl_update_matrix_targets
 .text.gl_update_current_matrix_stack
                0x800298a0      0x140 /opt/libdragon/bin/../lib/gcc/mips64-elf/13.1.0/../../../../mips64-elf/lib/libdragon.a(matrix.o)
                0x800298a0                gl_update_current_matrix_stack
 .text.glMatrixMode
                0x800299e0      0x120 /opt/libdragon/bin/../lib/gcc/mips64-elf/13.1.0/../../../../mips64-elf/lib/libdragon.a(matrix.o)
                0x800299e0                glMatrixMode
 .text.glCurrentPaletteMatrixARB
                0x80029b00      0x120 /opt/libdragon/bin/../lib/gcc/mips64-elf/13.1.0/../../../../mips64-elf/lib/libdragon.a(matrix.o)
                0x80029b00                glCurrentPaletteMatrixARB
 .text.glMultMatrixf
                0x80029c20      0x180 /opt/libdragon/bin/../lib/gcc/mips64-elf/13.1.0/../../../../mips64-elf/lib/libdragon.a(matrix.o)
                0x80029c20                glMultMatrixf
 .text.glLoadIdentity
                0x80029da0      0x160 /opt/libdragon/bin/../lib/gcc/mips64-elf/13.1.0/../../../../mips64-elf/lib/libdragon.a(matrix.o)
                0x80029da0                glLoadIdentity
 .text.gl_matrix_init
                0x80029f00      0x140 /opt/libdragon/bin/../lib/gcc/mips64-elf/13.1.0/../../../../mips64-elf/lib/libdragon.a(matrix.o)
                0x80029f00                gl_matrix_init
 .text.glRotatef
                0x8002a040      0x1a0 /opt/libdragon/bin/../lib/gcc/mips64-elf/13.1.0/../../../../mips64-elf/lib/libdragon.a(matrix.o)
                0x8002a040                glRotatef
 .text.glTranslatef
                0x8002a1e0       0xc0 /opt/libdragon/bin/../lib/gcc/mips64-elf/13.1.0/../../../../mips64-elf/lib/libdragon.a(matrix.o)
                0x8002a1e0                glTranslatef
 .text.glScalef
                0x8002a2a0       0xa0 /opt/libdragon/bin/../lib/gcc/mips64-elf/13.1.0/../../../../mips64-elf/lib/libdragon.a(matrix.o)
                0x8002a2a0                glScalef
 .text.glFrustum
                0x8002a340      0x120 /opt/libdragon/bin/../lib/gcc/mips64-elf/13.1.0/../../../../mips64-elf/lib/libdragon.a(matrix.o)
                0x8002a340                glFrustum
 .text.glPushMatrix
                0x8002a460      0x1c0 /opt/libdragon/bin/../lib/gcc/mips64-elf/13.1.0/../../../../mips64-elf/lib/libdragon.a(matrix.o)
                0x8002a460                glPushMatrix
 .text.glPopMatrix
                0x8002a620      0x160 /opt/libdragon/bin/../lib/gcc/mips64-elf/13.1.0/../../../../mips64-elf/lib/libdragon.a(matrix.o)
                0x8002a620                glPopMatrix
 .text.gl_points
                0x8002a780       0x20 /opt/libdragon/bin/../lib/gcc/mips64-elf/13.1.0/../../../../mips64-elf/lib/libdragon.a(primitive.o)
                0x8002a780                gl_points
 .text.gl_line_strip
                0x8002a7a0       0x20 /opt/libdragon/bin/../lib/gcc/mips64-elf/13.1.0/../../../../mips64-elf/lib/libdragon.a(primitive.o)
                0x8002a7a0                gl_line_strip
 .text.gl_triangle_strip
                0x8002a7c0       0x40 /opt/libdragon/bin/../lib/gcc/mips64-elf/13.1.0/../../../../mips64-elf/lib/libdragon.a(primitive.o)
                0x8002a7c0                gl_triangle_strip
 .text.gl_triangle_fan
                0x8002a800       0x20 /opt/libdragon/bin/../lib/gcc/mips64-elf/13.1.0/../../../../mips64-elf/lib/libdragon.a(primitive.o)
                0x8002a800                gl_triangle_fan
 .text.gl_quads
                0x8002a820       0x40 /opt/libdragon/bin/../lib/gcc/mips64-elf/13.1.0/../../../../mips64-elf/lib/libdragon.a(primitive.o)
                0x8002a820                gl_quads
 .text.read_index_8
                0x8002a860       0x20 /opt/libdragon/bin/../lib/gcc/mips64-elf/13.1.0/../../../../mips64-elf/lib/libdragon.a(primitive.o)
                0x8002a860                read_index_8
 .text.read_index_16
                0x8002a880       0x20 /opt/libdragon/bin/../lib/gcc/mips64-elf/13.1.0/../../../../mips64-elf/lib/libdragon.a(primitive.o)
                0x8002a880                read_index_16
 .text.read_index_32
                0x8002a8a0       0x20 /opt/libdragon/bin/../lib/gcc/mips64-elf/13.1.0/../../../../mips64-elf/lib/libdragon.a(primitive.o)
                0x8002a8a0                read_index_32
 .text.gl_triangles
                0x8002a8c0       0x20 /opt/libdragon/bin/../lib/gcc/mips64-elf/13.1.0/../../../../mips64-elf/lib/libdragon.a(primitive.o)
                0x8002a8c0                gl_triangles
 .text.gl_lines
                0x8002a8e0       0x20 /opt/libdragon/bin/../lib/gcc/mips64-elf/13.1.0/../../../../mips64-elf/lib/libdragon.a(primitive.o)
                0x8002a8e0                gl_lines
 .text.gl_can_use_rsp_pipeline
                0x8002a900      0x200 /opt/libdragon/bin/../lib/gcc/mips64-elf/13.1.0/../../../../mips64-elf/lib/libdragon.a(primitive.o)
                0x8002a900                gl_can_use_rsp_pipeline
 .text.set_can_use_rsp_dirty
                0x8002ab00       0x20 /opt/libdragon/bin/../lib/gcc/mips64-elf/13.1.0/../../../../mips64-elf/lib/libdragon.a(primitive.o)
                0x8002ab00                set_can_use_rsp_dirty
 .text.gl_init_prim_assembly
                0x8002ab20      0x180 /opt/libdragon/bin/../lib/gcc/mips64-elf/13.1.0/../../../../mips64-elf/lib/libdragon.a(primitive.o)
                0x8002ab20                gl_init_prim_assembly
 .text.gl_begin
                0x8002aca0      0x1c0 /opt/libdragon/bin/../lib/gcc/mips64-elf/13.1.0/../../../../mips64-elf/lib/libdragon.a(primitive.o)
                0x8002aca0                gl_begin
 .text.gl_check_vertex_cache
                0x8002ae60       0xe0 /opt/libdragon/bin/../lib/gcc/mips64-elf/13.1.0/../../../../mips64-elf/lib/libdragon.a(primitive.o)
                0x8002ae60                gl_check_vertex_cache
 .text.gl_get_cache_index
                0x8002af40       0x40 /opt/libdragon/bin/../lib/gcc/mips64-elf/13.1.0/../../../../mips64-elf/lib/libdragon.a(primitive.o)
                0x8002af40                gl_get_cache_index
 .text.gl_load_attribs
                0x8002af80      0x140 /opt/libdragon/bin/../lib/gcc/mips64-elf/13.1.0/../../../../mips64-elf/lib/libdragon.a(primitive.o)
                0x8002af80                gl_load_attribs
 .text.gl_fill_attrib_defaults
                0x8002b0c0       0xa0 /opt/libdragon/bin/../lib/gcc/mips64-elf/13.1.0/../../../../mips64-elf/lib/libdragon.a(primitive.o)
                0x8002b0c0                gl_fill_attrib_defaults
 .text.gl_fill_all_attrib_defaults
                0x8002b160       0xe0 /opt/libdragon/bin/../lib/gcc/mips64-elf/13.1.0/../../../../mips64-elf/lib/libdragon.a(primitive.o)
                0x8002b160                gl_fill_all_attrib_defaults
 .text.gl_prim_assembly
                0x8002b240       0xc0 /opt/libdragon/bin/../lib/gcc/mips64-elf/13.1.0/../../../../mips64-elf/lib/libdragon.a(primitive.o)
                0x8002b240                gl_prim_assembly
 .text.glDrawElements
                0x8002b300      0x1c0 /opt/libdragon/bin/../lib/gcc/mips64-elf/13.1.0/../../../../mips64-elf/lib/libdragon.a(primitive.o)
                0x8002b300                glDrawElements
 .text.__gl_color
                0x8002b4c0      0x2a0 /opt/libdragon/bin/../lib/gcc/mips64-elf/13.1.0/../../../../mips64-elf/lib/libdragon.a(primitive.o)
                0x8002b4c0                __gl_color
 .text.glColor3f
                0x8002b760       0x40 /opt/libdragon/bin/../lib/gcc/mips64-elf/13.1.0/../../../../mips64-elf/lib/libdragon.a(primitive.o)
                0x8002b760                glColor3f
 .text.glPolygonMode
                0x8002b7a0      0x1a0 /opt/libdragon/bin/../lib/gcc/mips64-elf/13.1.0/../../../../mips64-elf/lib/libdragon.a(primitive.o)
                0x8002b7a0                glPolygonMode
 .text.gl_primitive_init
                0x8002b940       0xc0 /opt/libdragon/bin/../lib/gcc/mips64-elf/13.1.0/../../../../mips64-elf/lib/libdragon.a(primitive.o)
                0x8002b940                gl_primitive_init
 .text.glDepthRange
                0x8002ba00      0x1a0 /opt/libdragon/bin/../lib/gcc/mips64-elf/13.1.0/../../../../mips64-elf/lib/libdragon.a(primitive.o)
                0x8002ba00                glDepthRange
 .text.glViewport
                0x8002bba0      0x3a0 /opt/libdragon/bin/../lib/gcc/mips64-elf/13.1.0/../../../../mips64-elf/lib/libdragon.a(primitive.o)
                0x8002bba0                glViewport
 .text.glCullFace
                0x8002bf40      0x120 /opt/libdragon/bin/../lib/gcc/mips64-elf/13.1.0/../../../../mips64-elf/lib/libdragon.a(primitive.o)
                0x8002bf40                glCullFace
 .text.glFrontFace
                0x8002c060      0x100 /opt/libdragon/bin/../lib/gcc/mips64-elf/13.1.0/../../../../mips64-elf/lib/libdragon.a(primitive.o)
                0x8002c060                glFrontFace
 .text.glDepthMask.part.0
                0x8002c160       0x60 /opt/libdragon/bin/../lib/gcc/mips64-elf/13.1.0/../../../../mips64-elf/lib/libdragon.a(rendermode.o)
 .text.gl_update_fog
                0x8002c1c0       0xe0 /opt/libdragon/bin/../lib/gcc/mips64-elf/13.1.0/../../../../mips64-elf/lib/libdragon.a(rendermode.o)
                0x8002c1c0                gl_update_fog
 .text.glFogf   0x8002c2a0      0x140 /opt/libdragon/bin/../lib/gcc/mips64-elf/13.1.0/../../../../mips64-elf/lib/libdragon.a(rendermode.o)
                0x8002c2a0                glFogf
 .text.glFogfv  0x8002c3e0      0x260 /opt/libdragon/bin/../lib/gcc/mips64-elf/13.1.0/../../../../mips64-elf/lib/libdragon.a(rendermode.o)
                0x8002c3e0                glFogfv
 .text.glScissor
                0x8002c640      0x180 /opt/libdragon/bin/../lib/gcc/mips64-elf/13.1.0/../../../../mips64-elf/lib/libdragon.a(rendermode.o)
                0x8002c640                glScissor
 .text.glBlendFunc
                0x8002c7c0      0x260 /opt/libdragon/bin/../lib/gcc/mips64-elf/13.1.0/../../../../mips64-elf/lib/libdragon.a(rendermode.o)
                0x8002c7c0                glBlendFunc
 .text.glDepthFunc
                0x8002ca20      0x160 /opt/libdragon/bin/../lib/gcc/mips64-elf/13.1.0/../../../../mips64-elf/lib/libdragon.a(rendermode.o)
                0x8002ca20                glDepthFunc
 .text.glDepthMask
                0x8002cb80       0x80 /opt/libdragon/bin/../lib/gcc/mips64-elf/13.1.0/../../../../mips64-elf/lib/libdragon.a(rendermode.o)
                0x8002cb80                glDepthMask
 .text.glAlphaFunc
                0x8002cc00      0x240 /opt/libdragon/bin/../lib/gcc/mips64-elf/13.1.0/../../../../mips64-elf/lib/libdragon.a(rendermode.o)
                0x8002cc00                glAlphaFunc
 .text.glTexEnvi
                0x8002ce40      0x1e0 /opt/libdragon/bin/../lib/gcc/mips64-elf/13.1.0/../../../../mips64-elf/lib/libdragon.a(rendermode.o)
                0x8002ce40                glTexEnvi
 .text.gl_rendermode_init
                0x8002d020       0xe0 /opt/libdragon/bin/../lib/gcc/mips64-elf/13.1.0/../../../../mips64-elf/lib/libdragon.a(rendermode.o)
                0x8002d020                gl_rendermode_init
 .text.gl_texture_get_offset.part.0
                0x8002d100       0x60 /opt/libdragon/bin/../lib/gcc/mips64-elf/13.1.0/../../../../mips64-elf/lib/libdragon.a(texture.o)
 .text.gl_init_texture_object
                0x8002d160       0xe0 /opt/libdragon/bin/../lib/gcc/mips64-elf/13.1.0/../../../../mips64-elf/lib/libdragon.a(texture.o)
                0x8002d160                gl_init_texture_object
 .text.texture_image_free_safe
                0x8002d240       0xc0 /opt/libdragon/bin/../lib/gcc/mips64-elf/13.1.0/../../../../mips64-elf/lib/libdragon.a(texture.o)
                0x8002d240                texture_image_free_safe
 .text.gl_texture_init
                0x8002d300       0x80 /opt/libdragon/bin/../lib/gcc/mips64-elf/13.1.0/../../../../mips64-elf/lib/libdragon.a(texture.o)
                0x8002d300                gl_texture_init
 .text.gl_get_active_texture
                0x8002d380       0x40 /opt/libdragon/bin/../lib/gcc/mips64-elf/13.1.0/../../../../mips64-elf/lib/libdragon.a(texture.o)
                0x8002d380                gl_get_active_texture
 .text.gl_texture_set_upload_block
                0x8002d3c0      0x220 /opt/libdragon/bin/../lib/gcc/mips64-elf/13.1.0/../../../../mips64-elf/lib/libdragon.a(texture.o)
                0x8002d3c0                gl_texture_set_upload_block
 .text.gl_texture_set_wrap_s
                0x8002d5e0       0xe0 /opt/libdragon/bin/../lib/gcc/mips64-elf/13.1.0/../../../../mips64-elf/lib/libdragon.a(texture.o)
                0x8002d5e0                gl_texture_set_wrap_s
 .text.gl_texture_set_wrap_t
                0x8002d6c0       0xe0 /opt/libdragon/bin/../lib/gcc/mips64-elf/13.1.0/../../../../mips64-elf/lib/libdragon.a(texture.o)
                0x8002d6c0                gl_texture_set_wrap_t
 .text.gl_texture_set_min_filter
                0x8002d7a0      0x120 /opt/libdragon/bin/../lib/gcc/mips64-elf/13.1.0/../../../../mips64-elf/lib/libdragon.a(texture.o)
                0x8002d7a0                gl_texture_set_min_filter
 .text.glSpriteTextureN64
                0x8002d8c0      0x380 /opt/libdragon/bin/../lib/gcc/mips64-elf/13.1.0/../../../../mips64-elf/lib/libdragon.a(texture.o)
                0x8002d8c0                glSpriteTextureN64
 .text.gl_texture_set_mag_filter
                0x8002dc40       0xc0 /opt/libdragon/bin/../lib/gcc/mips64-elf/13.1.0/../../../../mips64-elf/lib/libdragon.a(texture.o)
                0x8002dc40                gl_texture_set_mag_filter
 .text.glTexParameteri
                0x8002dd00      0x160 /opt/libdragon/bin/../lib/gcc/mips64-elf/13.1.0/../../../../mips64-elf/lib/libdragon.a(texture.o)
                0x8002dd00                glTexParameteri
 .text.glBindTexture
                0x8002de60      0x280 /opt/libdragon/bin/../lib/gcc/mips64-elf/13.1.0/../../../../mips64-elf/lib/libdragon.a(texture.o)
                0x8002de60                glBindTexture
 .text.glGenTextures
                0x8002e0e0       0xc0 /opt/libdragon/bin/../lib/gcc/mips64-elf/13.1.0/../../../../mips64-elf/lib/libdragon.a(texture.o)
                0x8002e0e0                glGenTextures
 .text.gl_update_array
                0x8002e1a0      0x200 /opt/libdragon/bin/../lib/gcc/mips64-elf/13.1.0/../../../../mips64-elf/lib/libdragon.a(array.o)
                0x8002e1a0                gl_update_array
 .text.gl_update_array_pointers
                0x8002e3a0       0x40 /opt/libdragon/bin/../lib/gcc/mips64-elf/13.1.0/../../../../mips64-elf/lib/libdragon.a(array.o)
                0x8002e3a0                gl_update_array_pointers
 .text.gl_array_init
                0x8002e3e0       0xc0 /opt/libdragon/bin/../lib/gcc/mips64-elf/13.1.0/../../../../mips64-elf/lib/libdragon.a(array.o)
                0x8002e3e0                gl_array_init
 .text.glVertexPointer
                0x8002e4a0      0x1c0 /opt/libdragon/bin/../lib/gcc/mips64-elf/13.1.0/../../../../mips64-elf/lib/libdragon.a(array.o)
                0x8002e4a0                glVertexPointer
 .text.glTexCoordPointer
                0x8002e660      0x1c0 /opt/libdragon/bin/../lib/gcc/mips64-elf/13.1.0/../../../../mips64-elf/lib/libdragon.a(array.o)
                0x8002e660                glTexCoordPointer
 .text.glNormalPointer
                0x8002e820      0x160 /opt/libdragon/bin/../lib/gcc/mips64-elf/13.1.0/../../../../mips64-elf/lib/libdragon.a(array.o)
                0x8002e820                glNormalPointer
 .text.glColorPointer
                0x8002e980      0x1c0 /opt/libdragon/bin/../lib/gcc/mips64-elf/13.1.0/../../../../mips64-elf/lib/libdragon.a(array.o)
                0x8002e980                glColorPointer
 .text.glEnableClientState